Archive member included to satisfy reference by file (symbol)

/usr/lib/gcc/arm-none-eabi/9.2.1/../../../arm-none-eabi/lib/thumb/v7-m/nofp/libc_nano.a(lib_a-atexit.o)
                              /usr/lib/gcc/arm-none-eabi/9.2.1/../../../arm-none-eabi/lib/thumb/v7-m/nofp/crt0.o (atexit)
/usr/lib/gcc/arm-none-eabi/9.2.1/../../../arm-none-eabi/lib/thumb/v7-m/nofp/libc_nano.a(lib_a-exit.o)
                              /usr/lib/gcc/arm-none-eabi/9.2.1/../../../arm-none-eabi/lib/thumb/v7-m/nofp/crt0.o (exit)
/usr/lib/gcc/arm-none-eabi/9.2.1/../../../arm-none-eabi/lib/thumb/v7-m/nofp/libc_nano.a(lib_a-fini.o)
                              /usr/lib/gcc/arm-none-eabi/9.2.1/../../../arm-none-eabi/lib/thumb/v7-m/nofp/crt0.o (__libc_fini_array)
/usr/lib/gcc/arm-none-eabi/9.2.1/../../../arm-none-eabi/lib/thumb/v7-m/nofp/libc_nano.a(lib_a-impure.o)
                              /usr/lib/gcc/arm-none-eabi/9.2.1/../../../arm-none-eabi/lib/thumb/v7-m/nofp/libc_nano.a(lib_a-exit.o) (_global_impure_ptr)
/usr/lib/gcc/arm-none-eabi/9.2.1/../../../arm-none-eabi/lib/thumb/v7-m/nofp/libc_nano.a(lib_a-init.o)
                              /usr/lib/gcc/arm-none-eabi/9.2.1/../../../arm-none-eabi/lib/thumb/v7-m/nofp/crt0.o (__libc_init_array)
/usr/lib/gcc/arm-none-eabi/9.2.1/../../../arm-none-eabi/lib/thumb/v7-m/nofp/libc_nano.a(lib_a-memcpy.o)
                              build/util.o (memcpy)
/usr/lib/gcc/arm-none-eabi/9.2.1/../../../arm-none-eabi/lib/thumb/v7-m/nofp/libc_nano.a(lib_a-memset.o)
                              /usr/lib/gcc/arm-none-eabi/9.2.1/../../../arm-none-eabi/lib/thumb/v7-m/nofp/crt0.o (memset)
/usr/lib/gcc/arm-none-eabi/9.2.1/../../../arm-none-eabi/lib/thumb/v7-m/nofp/libc_nano.a(lib_a-__atexit.o)
                              /usr/lib/gcc/arm-none-eabi/9.2.1/../../../arm-none-eabi/lib/thumb/v7-m/nofp/libc_nano.a(lib_a-atexit.o) (__register_exitproc)
/usr/lib/gcc/arm-none-eabi/9.2.1/../../../arm-none-eabi/lib/thumb/v7-m/nofp/libc_nano.a(lib_a-__call_atexit.o)
                              /usr/lib/gcc/arm-none-eabi/9.2.1/../../../arm-none-eabi/lib/thumb/v7-m/nofp/libc_nano.a(lib_a-__atexit.o) (__call_exitprocs)
/usr/lib/gcc/arm-none-eabi/9.2.1/../../../arm-none-eabi/lib/thumb/v7-m/nofp/libnosys.a(_exit.o)
                              /usr/lib/gcc/arm-none-eabi/9.2.1/../../../arm-none-eabi/lib/thumb/v7-m/nofp/libc_nano.a(lib_a-exit.o) (_exit)
/usr/lib/gcc/arm-none-eabi/9.2.1/thumb/v7-m/nofp/libgcc.a(_arm_muldf3.o)
                              build/hd44780.o (__aeabi_dmul)
/usr/lib/gcc/arm-none-eabi/9.2.1/thumb/v7-m/nofp/libgcc.a(_arm_addsubdf3.o)
                              build/hd44780.o (__aeabi_dsub)
/usr/lib/gcc/arm-none-eabi/9.2.1/thumb/v7-m/nofp/libgcc.a(_arm_muldivdf3.o)
                              build/hd44780.o (__aeabi_ddiv)
/usr/lib/gcc/arm-none-eabi/9.2.1/thumb/v7-m/nofp/libgcc.a(_arm_cmpdf2.o)
                              build/hd44780.o (__aeabi_dcmplt)
/usr/lib/gcc/arm-none-eabi/9.2.1/thumb/v7-m/nofp/libgcc.a(_arm_fixdfsi.o)
                              build/hd44780.o (__aeabi_d2iz)
/usr/lib/gcc/arm-none-eabi/9.2.1/thumb/v7-m/nofp/libgcc.a(_arm_fixunsdfsi.o)
                              build/hd44780.o (__aeabi_d2uiz)

Allocating common symbols
Common symbol       size              file

hdma_usart2_rx      0x44              build/setup.o
hdma_usart3_rx      0x44              build/setup.o
huart3              0x40              build/setup.o
hadc2               0x30              build/setup.o
hi2c2               0x54              build/setup.o
main_loop_counter   0x4               build/main.o
speedAvg            0x2               build/util.o
htim_right          0x40              build/setup.o
backwardDrive       0x1               build/main.o
uwTick              0x4               build/stm32f1xx_hal.o
hdma_usart3_tx      0x44              build/setup.o
rtP_Right           0x100             build/util.o
pFlash              0x20              build/stm32f1xx_hal_flash.o
TimHandle2          0x40              build/control.o
uart_buf            0xc8              build/main.o
hdma_i2c2_rx        0x44              build/setup.o
rtY_Right           0x10              build/util.o
hdma_i2c2_tx        0x44              build/setup.o
hadc1               0x30              build/setup.o
hdma_usart2_tx      0x44              build/setup.o
rtDW_Left           0xac              build/util.o
rtY_Left            0x10              build/util.o
rtU_Right           0x10              build/util.o
rtDW_Right          0xac              build/util.o
rtU_Left            0x10              build/util.o
adc_buffer          0x14              build/setup.o
rtM_Right_          0x10              build/util.o
huart2              0x40              build/setup.o
htim_left           0x40              build/setup.o
TimHandle           0x40              build/control.o
i2cBuffer           0x2               build/control.o
speedAvgAbs         0x2               build/util.o
[...]
Memory Configuration

Name             Origin             Length             Attributes
RAM              0x0000000020000000 0x000000000000c000 xrw
FLASH            0x0000000008000000 0x0000000000040000 xr
*default*        0x0000000000000000 0xffffffffffffffff

Linker script and memory map

LOAD /usr/lib/gcc/arm-none-eabi/9.2.1/thumb/v7-m/nofp/crti.o
LOAD /usr/lib/gcc/arm-none-eabi/9.2.1/thumb/v7-m/nofp/crtbegin.o
LOAD /usr/lib/gcc/arm-none-eabi/9.2.1/../../../arm-none-eabi/lib/thumb/v7-m/nofp/crt0.o
LOAD build/stm32f1xx_hal_flash.o
LOAD build/stm32f1xx_hal_pwr.o
LOAD build/stm32f1xx_hal_rcc.o
LOAD build/stm32f1xx_hal_tim.o
LOAD build/stm32f1xx_hal_tim_ex.o
LOAD build/stm32f1xx_hal_gpio_ex.o
LOAD build/stm32f1xx_hal_adc_ex.o
LOAD build/stm32f1xx_hal_cortex.o
LOAD build/stm32f1xx_hal_flash_ex.o
LOAD build/stm32f1xx_hal_gpio.o
LOAD build/stm32f1xx_hal_rcc_ex.o
LOAD build/stm32f1xx_hal.o
LOAD build/stm32f1xx_hal_adc.o
LOAD build/stm32f1xx_hal_uart.o
LOAD build/stm32f1xx_hal_i2c.o
LOAD build/stm32f1xx_hal_dma.o
LOAD build/system_stm32f1xx.o
LOAD build/setup.o
LOAD build/control.o
LOAD build/util.o
LOAD build/main.o
LOAD build/bldc.o
LOAD build/eeprom.o
LOAD build/hd44780.o
LOAD build/pcf8574.o
LOAD build/stm32f1xx_it.o
LOAD build/BLDC_controller_data.o
LOAD build/BLDC_controller.o
LOAD build/startup_stm32f103xe.o
LOAD /usr/lib/gcc/arm-none-eabi/9.2.1/../../../arm-none-eabi/lib/thumb/v7-m/nofp/libc_nano.a
LOAD /usr/lib/gcc/arm-none-eabi/9.2.1/../../../arm-none-eabi/lib/thumb/v7-m/nofp/libm.a
LOAD /usr/lib/gcc/arm-none-eabi/9.2.1/../../../arm-none-eabi/lib/thumb/v7-m/nofp/libnosys.a
START GROUP
LOAD /usr/lib/gcc/arm-none-eabi/9.2.1/thumb/v7-m/nofp/libgcc.a
LOAD /usr/lib/gcc/arm-none-eabi/9.2.1/../../../arm-none-eabi/lib/thumb/v7-m/nofp/libc_nano.a
END GROUP
START GROUP
LOAD /usr/lib/gcc/arm-none-eabi/9.2.1/thumb/v7-m/nofp/libgcc.a
LOAD /usr/lib/gcc/arm-none-eabi/9.2.1/../../../arm-none-eabi/lib/thumb/v7-m/nofp/libc_nano.a
END GROUP
LOAD /usr/lib/gcc/arm-none-eabi/9.2.1/thumb/v7-m/nofp/crtend.o
LOAD /usr/lib/gcc/arm-none-eabi/9.2.1/thumb/v7-m/nofp/crtn.o
                0x000000002000c000                _estack = 0x2000c000
                0x0000000000000200                _Min_Heap_Size = 0x200
                0x0000000000000400                _Min_Stack_Size = 0x400

.isr_vector     0x0000000008000000      0x1e4
                0x0000000008000000                . = ALIGN (0x4)
 *(.isr_vector)
 .isr_vector    0x0000000008000000      0x1e4 build/startup_stm32f103xe.o
                0x0000000008000000                g_pfnVectors
                0x00000000080001e4                . = ALIGN (0x4)

.text           0x00000000080001e4     0x5174
                0x00000000080001e4                . = ALIGN (0x4)
 *(.text)
 .text          0x00000000080001e4       0x88 /usr/lib/gcc/arm-none-eabi/9.2.1/thumb/v7-m/nofp/crtbegin.o
 .text          0x000000000800026c       0x48 /usr/lib/gcc/arm-none-eabi/9.2.1/../../../arm-none-eabi/lib/thumb/v7-m/nofp/libc_nano.a(lib_a-init.o)
                0x000000000800026c                __libc_init_array
 .text          0x00000000080002b4       0xec /usr/lib/gcc/arm-none-eabi/9.2.1/../../../arm-none-eabi/lib/thumb/v7-m/nofp/libc_nano.a(lib_a-memcpy.o)
                0x00000000080002b4                memcpy
 *(.text*)
 .text.FLASH_Program_HalfWord
                0x00000000080003a0       0x1c build/stm32f1xx_hal_flash.o
 .text.FLASH_SetErrorCode
                0x00000000080003bc       0x70 build/stm32f1xx_hal_flash.o
 .text.HAL_FLASH_Unlock
                0x000000000800042c       0x28 build/stm32f1xx_hal_flash.o
                0x000000000800042c                HAL_FLASH_Unlock
 .text.HAL_FLASH_Lock
                0x0000000008000454       0x14 build/stm32f1xx_hal_flash.o
                0x0000000008000454                HAL_FLASH_Lock
 .text.FLASH_WaitForLastOperation
                0x0000000008000468       0x68 build/stm32f1xx_hal_flash.o
                0x0000000008000468                FLASH_WaitForLastOperation
 .text.HAL_FLASH_Program
                0x00000000080004d0       0x9c build/stm32f1xx_hal_flash.o
                0x00000000080004d0                HAL_FLASH_Program
 .text.RCC_Delay
                0x000000000800056c       0x2c build/stm32f1xx_hal_rcc.o
 .text.HAL_RCC_OscConfig
                0x0000000008000598      0x3e0 build/stm32f1xx_hal_rcc.o
                0x0000000008000598                HAL_RCC_OscConfig
 .text.HAL_RCC_GetSysClockFreq
                0x0000000008000978       0x6c build/stm32f1xx_hal_rcc.o
                0x0000000008000978                HAL_RCC_GetSysClockFreq
 .text.HAL_RCC_ClockConfig
                0x00000000080009e4      0x17c build/stm32f1xx_hal_rcc.o
                0x00000000080009e4                HAL_RCC_ClockConfig
 .text.HAL_RCC_GetHCLKFreq
                0x0000000008000b60        0xc build/stm32f1xx_hal_rcc.o
                0x0000000008000b60                HAL_RCC_GetHCLKFreq
 .text.TIM_OC1_SetConfig
                0x0000000008000b6c       0x68 build/stm32f1xx_hal_tim.o
 .text.TIM_OC3_SetConfig
                0x0000000008000bd4       0x70 build/stm32f1xx_hal_tim.o
 .text.TIM_OC4_SetConfig
                0x0000000008000c44       0x50 build/stm32f1xx_hal_tim.o
 .text.TIM_TI1_ConfigInputStage
                0x0000000008000c94       0x24 build/stm32f1xx_hal_tim.o
 .text.TIM_TI2_ConfigInputStage
                0x0000000008000cb8       0x26 build/stm32f1xx_hal_tim.o
 .text.TIM_ETR_SetConfig
                0x0000000008000cde       0x16 build/stm32f1xx_hal_tim.o
 .text.TIM_SlaveTimer_SetConfig
                0x0000000008000cf4       0x74 build/stm32f1xx_hal_tim.o
 .text.HAL_TIM_PWM_MspInit
                0x0000000008000d68        0x2 build/stm32f1xx_hal_tim.o
                0x0000000008000d68                HAL_TIM_PWM_MspInit
 .text.HAL_TIM_SlaveConfigSynchronization
                0x0000000008000d6a       0x40 build/stm32f1xx_hal_tim.o
                0x0000000008000d6a                HAL_TIM_SlaveConfigSynchronization
 *fill*         0x0000000008000daa        0x2 
 .text.TIM_Base_SetConfig
                0x0000000008000dac       0x98 build/stm32f1xx_hal_tim.o
                0x0000000008000dac                TIM_Base_SetConfig
 .text.HAL_TIM_PWM_Init
                0x0000000008000e44       0x34 build/stm32f1xx_hal_tim.o
                0x0000000008000e44                HAL_TIM_PWM_Init
 .text.TIM_OC2_SetConfig
                0x0000000008000e78       0x70 build/stm32f1xx_hal_tim.o
                0x0000000008000e78                TIM_OC2_SetConfig
 .text.HAL_TIM_PWM_ConfigChannel
                0x0000000008000ee8       0xdc build/stm32f1xx_hal_tim.o
                0x0000000008000ee8                HAL_TIM_PWM_ConfigChannel
 .text.TIM_CCxChannelCmd
                0x0000000008000fc4       0x1e build/stm32f1xx_hal_tim.o
                0x0000000008000fc4                TIM_CCxChannelCmd
 *fill*         0x0000000008000fe2        0x2 
 .text.HAL_TIM_PWM_Start
                0x0000000008000fe4       0x38 build/stm32f1xx_hal_tim.o
                0x0000000008000fe4                HAL_TIM_PWM_Start
 .text.TIM_CCxNChannelCmd
                0x000000000800101c       0x1e build/stm32f1xx_hal_tim_ex.o
 .text.HAL_TIMEx_PWMN_Start
                0x000000000800103a       0x24 build/stm32f1xx_hal_tim_ex.o
                0x000000000800103a                HAL_TIMEx_PWMN_Start
 .text.HAL_TIMEx_ConfigBreakDeadTime
                0x000000000800105e       0x58 build/stm32f1xx_hal_tim_ex.o
                0x000000000800105e                HAL_TIMEx_ConfigBreakDeadTime
 .text.HAL_TIMEx_MasterConfigSynchronization
                0x00000000080010b6       0x52 build/stm32f1xx_hal_tim_ex.o
                0x00000000080010b6                HAL_TIMEx_MasterConfigSynchronization
 .text.HAL_ADCEx_MultiModeConfigChannel
                0x0000000008001108       0x58 build/stm32f1xx_hal_adc_ex.o
                0x0000000008001108                HAL_ADCEx_MultiModeConfigChannel
 .text.HAL_NVIC_SetPriorityGrouping
                0x0000000008001160       0x24 build/stm32f1xx_hal_cortex.o
                0x0000000008001160                HAL_NVIC_SetPriorityGrouping
 .text.HAL_NVIC_SetPriority
                0x0000000008001184       0x68 build/stm32f1xx_hal_cortex.o
                0x0000000008001184                HAL_NVIC_SetPriority
 .text.HAL_NVIC_EnableIRQ
                0x00000000080011ec       0x18 build/stm32f1xx_hal_cortex.o
                0x00000000080011ec                HAL_NVIC_EnableIRQ
 .text.HAL_SYSTICK_Config
                0x0000000008001204       0x2c build/stm32f1xx_hal_cortex.o
                0x0000000008001204                HAL_SYSTICK_Config
 .text.HAL_SYSTICK_CLKSourceConfig
                0x0000000008001230       0x20 build/stm32f1xx_hal_cortex.o
                0x0000000008001230                HAL_SYSTICK_CLKSourceConfig
 .text.HAL_SYSTICK_Callback
                0x0000000008001250        0x2 build/stm32f1xx_hal_cortex.o
                0x0000000008001250                HAL_SYSTICK_Callback
 .text.HAL_SYSTICK_IRQHandler
                0x0000000008001252        0x8 build/stm32f1xx_hal_cortex.o
                0x0000000008001252                HAL_SYSTICK_IRQHandler
 *fill*         0x000000000800125a        0x2 
 .text.FLASH_MassErase
                0x000000000800125c       0x24 build/stm32f1xx_hal_flash_ex.o
 .text.FLASH_PageErase
                0x0000000008001280       0x24 build/stm32f1xx_hal_flash_ex.o
                0x0000000008001280                FLASH_PageErase
 .text.HAL_FLASHEx_Erase
                0x00000000080012a4       0xa4 build/stm32f1xx_hal_flash_ex.o
                0x00000000080012a4                HAL_FLASHEx_Erase
 .text.HAL_GPIO_Init
                0x0000000008001348      0x238 build/stm32f1xx_hal_gpio.o
                0x0000000008001348                HAL_GPIO_Init
 .text.HAL_GPIO_ReadPin
                0x0000000008001580        0xe build/stm32f1xx_hal_gpio.o
                0x0000000008001580                HAL_GPIO_ReadPin
 .text.HAL_GPIO_WritePin
                0x000000000800158e        0xc build/stm32f1xx_hal_gpio.o
                0x000000000800158e                HAL_GPIO_WritePin
 .text.HAL_GPIO_TogglePin
                0x000000000800159a        0x8 build/stm32f1xx_hal_gpio.o
                0x000000000800159a                HAL_GPIO_TogglePin
 *fill*         0x00000000080015a2        0x2 
 .text.HAL_RCCEx_PeriphCLKConfig
                0x00000000080015a4      0x114 build/stm32f1xx_hal_rcc_ex.o
                0x00000000080015a4                HAL_RCCEx_PeriphCLKConfig
 .text.HAL_MspInit
                0x00000000080016b8        0x2 build/stm32f1xx_hal.o
                0x00000000080016b8                HAL_MspInit
 *fill*         0x00000000080016ba        0x2 
 .text.HAL_InitTick
                0x00000000080016bc       0x2c build/stm32f1xx_hal.o
                0x00000000080016bc                HAL_InitTick
 .text.HAL_Init
                0x00000000080016e8       0x24 build/stm32f1xx_hal.o
                0x00000000080016e8                HAL_Init
 .text.HAL_IncTick
                0x000000000800170c       0x10 build/stm32f1xx_hal.o
                0x000000000800170c                HAL_IncTick
 .text.HAL_GetTick
                0x000000000800171c        0xc build/stm32f1xx_hal.o
                0x000000000800171c                HAL_GetTick
 .text.HAL_Delay
                0x0000000008001728       0x24 build/stm32f1xx_hal.o
                0x0000000008001728                HAL_Delay
 .text.HAL_ADC_MspInit
                0x000000000800174c        0x2 build/stm32f1xx_hal_adc.o
                0x000000000800174c                HAL_ADC_MspInit
 *fill*         0x000000000800174e        0x2 
 .text.HAL_ADC_ConfigChannel
                0x0000000008001750      0x138 build/stm32f1xx_hal_adc.o
                0x0000000008001750                HAL_ADC_ConfigChannel
 .text.ADC_Enable
                0x0000000008001888       0x7c build/stm32f1xx_hal_adc.o
                0x0000000008001888                ADC_Enable
 .text.HAL_ADC_Start
                0x0000000008001904       0xe8 build/stm32f1xx_hal_adc.o
                0x0000000008001904                HAL_ADC_Start
 .text.ADC_ConversionStop_Disable
                0x00000000080019ec       0x4c build/stm32f1xx_hal_adc.o
                0x00000000080019ec                ADC_ConversionStop_Disable
 .text.HAL_ADC_Init
                0x0000000008001a38      0x124 build/stm32f1xx_hal_adc.o
                0x0000000008001a38                HAL_ADC_Init
 .text.SystemInit
                0x0000000008001b5c       0x4c build/system_stm32f1xx.o
                0x0000000008001b5c                SystemInit
 .text.MX_GPIO_Init
                0x0000000008001ba8      0x220 build/setup.o
                0x0000000008001ba8                MX_GPIO_Init
 .text.MX_TIM_Init
                0x0000000008001dc8      0x1f4 build/setup.o
                0x0000000008001dc8                MX_TIM_Init
 .text.MX_ADC1_Init
                0x0000000008001fbc      0x130 build/setup.o
                0x0000000008001fbc                MX_ADC1_Init
 .text.MX_ADC2_Init
                0x00000000080020ec       0xb0 build/setup.o
                0x00000000080020ec                MX_ADC2_Init
 .text.BLDC_Init
                0x000000000800219c       0xb4 build/util.o
                0x000000000800219c                BLDC_Init
 .text.Input_Lim_Init
                0x0000000008002250       0x44 build/util.o
                0x0000000008002250                Input_Lim_Init
 .text.poweronMelody
                0x0000000008002294       0x2c build/util.o
                0x0000000008002294                poweronMelody
 .text.beepCount
                0x00000000080022c0       0x1c build/util.o
                0x00000000080022c0                beepCount
 .text.beepLong
                0x00000000080022dc       0x20 build/util.o
                0x00000000080022dc                beepLong
 .text.beepShort
                0x00000000080022fc       0x20 build/util.o
                0x00000000080022fc                beepShort
 .text.calcAvgSpeed
                0x000000000800231c       0x38 build/util.o
                0x000000000800231c                calcAvgSpeed
 .text.safeModeOff
                0x0000000008002354       0x48 build/util.o
                0x0000000008002354                safeModeOff
 .text.cruiseControl
                0x000000000800239c        0x2 build/util.o
                0x000000000800239c                cruiseControl
 *fill*         0x000000000800239e        0x2 
 .text.checkInputType
                0x00000000080023a0       0x68 build/util.o
                0x00000000080023a0                checkInputType
 .text.Input_Init
                0x0000000008002408      0x1b8 build/util.o
                0x0000000008002408                Input_Init
 .text.calcInputCmd
                0x00000000080025c0       0xa0 build/util.o
                0x00000000080025c0                calcInputCmd
 .text.readInputRaw
                0x0000000008002660       0x38 build/util.o
                0x0000000008002660                readInputRaw
 .text.handleTimeout
                0x0000000008002698       0xdc build/util.o
                0x0000000008002698                handleTimeout
 .text.readCommand
                0x0000000008002774       0x58 build/util.o
                0x0000000008002774                readCommand
 .text.saveConfig
                0x00000000080027cc       0xfc build/util.o
                0x00000000080027cc                saveConfig
 .text.poweroff
                0x00000000080028c8       0x48 build/util.o
                0x00000000080028c8                poweroff
 .text.filtLowPass32
                0x0000000008002910       0x4c build/util.o
                0x0000000008002910                filtLowPass32
 .text.adcCalibLim
                0x000000000800295c      0x194 build/util.o
                0x000000000800295c                adcCalibLim
 .text.poweroffPressCheck
                0x0000000008002af0       0xbc build/util.o
                0x0000000008002af0                poweroffPressCheck
 .text.rateLimiter16
                0x0000000008002bac       0x1e build/util.o
                0x0000000008002bac                rateLimiter16
 *fill*         0x0000000008002bca        0x2 
 .text.mixerFcn
                0x0000000008002bcc       0x48 build/util.o
                0x0000000008002bcc                mixerFcn
 .text.multipleTapDet
                0x0000000008002c14       0x6e build/util.o
                0x0000000008002c14                multipleTapDet
 *fill*         0x0000000008002c82        0x2 
 .text.SystemClock_Config
                0x0000000008002c84       0x74 build/main.o
                0x0000000008002c84                SystemClock_Config
 .text.main     0x0000000008002cf8      0x4f0 build/main.o
                0x0000000008002cf8                main
 .text.DMA1_Channel1_IRQHandler
                0x00000000080031e8      0x4d4 build/bldc.o
                0x00000000080031e8                DMA1_Channel1_IRQHandler
 .text.EE_VerifyPageFullyErased
                0x00000000080036bc       0x24 build/eeprom.o
 .text.EE_FindValidPage
                0x00000000080036e0       0x50 build/eeprom.o
 .text.EE_VerifyPageFullWriteVariable
                0x0000000008003730       0x5c build/eeprom.o
 .text.EE_Format
                0x000000000800378c       0x60 build/eeprom.o
 .text.EE_ReadVariable
                0x00000000080037ec       0x44 build/eeprom.o
                0x00000000080037ec                EE_ReadVariable
 .text.EE_Init  0x0000000008003830      0x258 build/eeprom.o
                0x0000000008003830                EE_Init
 .text.EE_PageTransfer
                0x0000000008003a88       0xcc build/eeprom.o
 .text.EE_WriteVariable
                0x0000000008003b54       0x1a build/eeprom.o
                0x0000000008003b54                EE_WriteVariable
 .text.NMI_Handler
                0x0000000008003b6e        0x2 build/stm32f1xx_it.o
                0x0000000008003b6e                NMI_Handler
 .text.HardFault_Handler
                0x0000000008003b70        0x2 build/stm32f1xx_it.o
                0x0000000008003b70                HardFault_Handler
 .text.MemManage_Handler
                0x0000000008003b72        0x2 build/stm32f1xx_it.o
                0x0000000008003b72                MemManage_Handler
 .text.BusFault_Handler
                0x0000000008003b74        0x2 build/stm32f1xx_it.o
                0x0000000008003b74                BusFault_Handler
 .text.UsageFault_Handler
                0x0000000008003b76        0x2 build/stm32f1xx_it.o
                0x0000000008003b76                UsageFault_Handler
 .text.SVC_Handler
                0x0000000008003b78        0x2 build/stm32f1xx_it.o
                0x0000000008003b78                SVC_Handler
 .text.DebugMon_Handler
                0x0000000008003b7a        0x2 build/stm32f1xx_it.o
                0x0000000008003b7a                DebugMon_Handler
 .text.PendSV_Handler
                0x0000000008003b7c        0x2 build/stm32f1xx_it.o
                0x0000000008003b7c                PendSV_Handler
 .text.SysTick_Handler
                0x0000000008003b7e        0xc build/stm32f1xx_it.o
                0x0000000008003b7e                SysTick_Handler
 .text.plook_u8s16_evencka
                0x0000000008003b8a       0x1c build/BLDC_controller.o
                0x0000000008003b8a                plook_u8s16_evencka
 .text.plook_u8u16_evencka
                0x0000000008003ba6       0x1c build/BLDC_controller.o
                0x0000000008003ba6                plook_u8u16_evencka
 .text.div_nde_s32_floor
                0x0000000008003bc2       0x22 build/BLDC_controller.o
                0x0000000008003bc2                div_nde_s32_floor
 .text.Counter_Init
                0x0000000008003be4        0x4 build/BLDC_controller.o
                0x0000000008003be4                Counter_Init
 .text.Counter  0x0000000008003be8       0x1a build/BLDC_controller.o
                0x0000000008003be8                Counter
 .text.Low_Pass_Filter_Reset
                0x0000000008003c02        0x8 build/BLDC_controller.o
                0x0000000008003c02                Low_Pass_Filter_Reset
 *fill*         0x0000000008003c0a        0x2 
 .text.Low_Pass_Filter
                0x0000000008003c0c       0x5c build/BLDC_controller.o
                0x0000000008003c0c                Low_Pass_Filter
 .text.Counter_b_Init
                0x0000000008003c68        0x4 build/BLDC_controller.o
                0x0000000008003c68                Counter_b_Init
 .text.Counter_n
                0x0000000008003c6c       0x20 build/BLDC_controller.o
                0x0000000008003c6c                Counter_n
 .text.either_edge
                0x0000000008003c8c        0xe build/BLDC_controller.o
                0x0000000008003c8c                either_edge
 .text.Debounce_Filter_Init
                0x0000000008003c9a       0x16 build/BLDC_controller.o
                0x0000000008003c9a                Debounce_Filter_Init
 .text.Debounce_Filter
                0x0000000008003cb0       0x8c build/BLDC_controller.o
                0x0000000008003cb0                Debounce_Filter
 .text.I_backCalc_fixdt_Init
                0x0000000008003d3c        0x4 build/BLDC_controller.o
                0x0000000008003d3c                I_backCalc_fixdt_Init
 .text.I_backCalc_fixdt_Reset
                0x0000000008003d40        0x8 build/BLDC_controller.o
                0x0000000008003d40                I_backCalc_fixdt_Reset
 .text.I_backCalc_fixdt
                0x0000000008003d48       0x6a build/BLDC_controller.o
                0x0000000008003d48                I_backCalc_fixdt
 .text.PI_clamp_fixdt_Init
                0x0000000008003db2        0x6 build/BLDC_controller.o
                0x0000000008003db2                PI_clamp_fixdt_Init
 .text.PI_clamp_fixdt_Reset
                0x0000000008003db8        0xa build/BLDC_controller.o
                0x0000000008003db8                PI_clamp_fixdt_Reset
 *fill*         0x0000000008003dc2        0x2 
 .text.PI_clamp_fixdt
                0x0000000008003dc4       0xf0 build/BLDC_controller.o
                0x0000000008003dc4                PI_clamp_fixdt
 .text.PI_clamp_fixdt_d_Init
                0x0000000008003eb4        0x6 build/BLDC_controller.o
                0x0000000008003eb4                PI_clamp_fixdt_d_Init
 .text.PI_clamp_fixdt_b_Reset
                0x0000000008003eba        0xa build/BLDC_controller.o
                0x0000000008003eba                PI_clamp_fixdt_b_Reset
 .text.PI_clamp_fixdt_l
                0x0000000008003ec4       0xf4 build/BLDC_controller.o
                0x0000000008003ec4                PI_clamp_fixdt_l
 .text.PI_clamp_fixdt_f_Init
                0x0000000008003fb8        0x6 build/BLDC_controller.o
                0x0000000008003fb8                PI_clamp_fixdt_f_Init
 .text.PI_clamp_fixdt_g_Reset
                0x0000000008003fbe        0xa build/BLDC_controller.o
                0x0000000008003fbe                PI_clamp_fixdt_g_Reset
 .text.PI_clamp_fixdt_k
                0x0000000008003fc8       0xf8 build/BLDC_controller.o
                0x0000000008003fc8                PI_clamp_fixdt_k
 .text.BLDC_controller_step
                0x00000000080040c0     0x1174 build/BLDC_controller.o
                0x00000000080040c0                BLDC_controller_step
 .text.BLDC_controller_initialize
                0x0000000008005234       0xc0 build/BLDC_controller.o
                0x0000000008005234                BLDC_controller_initialize
 .text.Reset_Handler
                0x00000000080052f4       0x48 build/startup_stm32f103xe.o
                0x00000000080052f4                Reset_Handler
 .text.Default_Handler
                0x000000000800533c        0x2 build/startup_stm32f103xe.o
                0x000000000800533c                RTC_Alarm_IRQHandler
                0x000000000800533c                EXTI2_IRQHandler
                0x000000000800533c                TIM8_TRG_COM_IRQHandler
                0x000000000800533c                TIM8_CC_IRQHandler
                0x000000000800533c                TIM1_CC_IRQHandler
                0x000000000800533c                TIM6_IRQHandler
                0x000000000800533c                PVD_IRQHandler
                0x000000000800533c                SDIO_IRQHandler
                0x000000000800533c                EXTI3_IRQHandler
                0x000000000800533c                EXTI0_IRQHandler
                0x000000000800533c                I2C2_EV_IRQHandler
                0x000000000800533c                ADC1_2_IRQHandler
                0x000000000800533c                SPI1_IRQHandler
                0x000000000800533c                TAMPER_IRQHandler
                0x000000000800533c                TIM8_UP_IRQHandler
                0x000000000800533c                DMA2_Channel2_IRQHandler
                0x000000000800533c                DMA1_Channel4_IRQHandler
                0x000000000800533c                USART3_IRQHandler
                0x000000000800533c                RTC_IRQHandler
                0x000000000800533c                DMA1_Channel7_IRQHandler
                0x000000000800533c                CAN1_RX1_IRQHandler
                0x000000000800533c                UART5_IRQHandler
                0x000000000800533c                ADC3_IRQHandler
                0x000000000800533c                TIM4_IRQHandler
                0x000000000800533c                DMA2_Channel1_IRQHandler
                0x000000000800533c                I2C1_EV_IRQHandler
                0x000000000800533c                DMA1_Channel6_IRQHandler
                0x000000000800533c                UART4_IRQHandler
                0x000000000800533c                TIM3_IRQHandler
                0x000000000800533c                RCC_IRQHandler
                0x000000000800533c                TIM1_TRG_COM_IRQHandler
                0x000000000800533c                Default_Handler
                0x000000000800533c                EXTI15_10_IRQHandler
                0x000000000800533c                TIM7_IRQHandler
                0x000000000800533c                TIM5_IRQHandler
                0x000000000800533c                EXTI9_5_IRQHandler
                0x000000000800533c                SPI2_IRQHandler
                0x000000000800533c                DMA1_Channel5_IRQHandler
                0x000000000800533c                EXTI4_IRQHandler
                0x000000000800533c                USB_LP_CAN1_RX0_IRQHandler
                0x000000000800533c                USB_HP_CAN1_TX_IRQHandler
                0x000000000800533c                DMA1_Channel3_IRQHandler
                0x000000000800533c                FSMC_IRQHandler
                0x000000000800533c                TIM1_UP_IRQHandler
                0x000000000800533c                WWDG_IRQHandler
                0x000000000800533c                TIM2_IRQHandler
                0x000000000800533c                TIM1_BRK_IRQHandler
                0x000000000800533c                EXTI1_IRQHandler
                0x000000000800533c                DMA2_Channel4_5_IRQHandler
                0x000000000800533c                USART2_IRQHandler
                0x000000000800533c                I2C2_ER_IRQHandler
                0x000000000800533c                DMA1_Channel2_IRQHandler
                0x000000000800533c                TIM8_BRK_IRQHandler
                0x000000000800533c                CAN1_SCE_IRQHandler
                0x000000000800533c                FLASH_IRQHandler
                0x000000000800533c                USART1_IRQHandler
                0x000000000800533c                SPI3_IRQHandler
                0x000000000800533c                I2C1_ER_IRQHandler
                0x000000000800533c                USBWakeUp_IRQHandler
                0x000000000800533c                DMA2_Channel3_IRQHandler
 *(.glue_7)
 .glue_7        0x000000000800533e        0x0 linker stubs
 *(.glue_7t)
 .glue_7t       0x000000000800533e        0x0 linker stubs
 *(.eh_frame)
 *fill*         0x000000000800533e        0x2 
 .eh_frame      0x0000000008005340        0x0 /usr/lib/gcc/arm-none-eabi/9.2.1/thumb/v7-m/nofp/crtbegin.o
 *(.init)
 .init          0x0000000008005340        0x4 /usr/lib/gcc/arm-none-eabi/9.2.1/thumb/v7-m/nofp/crti.o
                0x0000000008005340                _init
 .init          0x0000000008005344        0x8 /usr/lib/gcc/arm-none-eabi/9.2.1/thumb/v7-m/nofp/crtn.o
 *(.fini)
 .fini          0x000000000800534c        0x4 /usr/lib/gcc/arm-none-eabi/9.2.1/thumb/v7-m/nofp/crti.o
                0x000000000800534c                _fini
 .fini          0x0000000008005350        0x8 /usr/lib/gcc/arm-none-eabi/9.2.1/thumb/v7-m/nofp/crtn.o
                0x0000000008005358                . = ALIGN (0x4)
                0x0000000008005358                _etext = .

.vfp11_veneer   0x0000000008005358        0x0
 .vfp11_veneer  0x0000000008005358        0x0 linker stubs

.v4_bx          0x0000000008005358        0x0
 .v4_bx         0x0000000008005358        0x0 linker stubs

.iplt           0x0000000008005358        0x0
 .iplt          0x0000000008005358        0x0 /usr/lib/gcc/arm-none-eabi/9.2.1/thumb/v7-m/nofp/crtbegin.o

.rodata         0x0000000008005358      0x7bc
                0x0000000008005358                . = ALIGN (0x4)
 *(.rodata)
 *(.rodata*)
 .rodata.HAL_RCC_GetSysClockFreq.str1.4
                0x0000000008005358       0x11 build/stm32f1xx_hal_rcc.o
 *fill*         0x0000000008005369        0x3 
 .rodata.AHBPrescTable
                0x000000000800536c       0x10 build/system_stm32f1xx.o
                0x000000000800536c                AHBPrescTable
 .rodata.rtM_Left
                0x000000000800537c        0x4 build/util.o
                0x000000000800537c                rtM_Left
 .rodata.rtM_Right
                0x0000000008005380        0x4 build/util.o
                0x0000000008005380                rtM_Right
 .rodata.rtConstP
                0x0000000008005384      0x790 build/BLDC_controller_data.o
                0x0000000008005384                rtConstP
                0x0000000008005b14                . = ALIGN (0x4)

.rel.dyn        0x0000000008005b14        0x0
 .rel.iplt      0x0000000008005b14        0x0 /usr/lib/gcc/arm-none-eabi/9.2.1/thumb/v7-m/nofp/crtbegin.o

.ARM.extab
 *(.ARM.extab* .gnu.linkonce.armextab.*)

.ARM            0x0000000008005b14        0x0
                0x0000000008005b14                __exidx_start = .
 *(.ARM.exidx*)
                0x0000000008005b14                __exidx_end = .

.preinit_array  0x0000000008005b14        0x0
                0x0000000008005b14                PROVIDE (__preinit_array_start = .)
 *(.preinit_array*)
                0x0000000008005b14                PROVIDE (__preinit_array_end = .)

.init_array     0x0000000008005b14        0x4
                0x0000000008005b14                PROVIDE (__init_array_start = .)
 *(SORT_BY_NAME(.init_array.*))
 *(.init_array*)
 .init_array    0x0000000008005b14        0x4 /usr/lib/gcc/arm-none-eabi/9.2.1/thumb/v7-m/nofp/crtbegin.o
                0x0000000008005b18                PROVIDE (__init_array_end = .)

.fini_array     0x0000000008005b18        0x4
                0x0000000008005b18                PROVIDE (__fini_array_start = .)
 *(SORT_BY_NAME(.fini_array.*))
 *(.fini_array*)
 .fini_array    0x0000000008005b18        0x4 /usr/lib/gcc/arm-none-eabi/9.2.1/thumb/v7-m/nofp/crtbegin.o
                0x0000000008005b1c                PROVIDE (__fini_array_end = .)
                0x0000000008005b1c                _sidata = LOADADDR (.data)

.data           0x0000000020000000      0x160 load address 0x0000000008005b1c
                0x0000000020000000                . = ALIGN (0x4)
                0x0000000020000000                _sdata = .
 *(.data)
 *(.data*)
 .data.SystemCoreClock
                0x0000000020000000        0x4 build/system_stm32f1xx.o
                0x0000000020000000                SystemCoreClock
 .data.VirtAddVarTab
                0x0000000020000004       0x26 build/util.o
                0x0000000020000004                VirtAddVarTab
 .data.ctrlModReq
                0x000000002000002a        0x1 build/util.o
                0x000000002000002a                ctrlModReq
 .data.ctrlModReqRaw
                0x000000002000002b        0x1 build/util.o
                0x000000002000002b                ctrlModReqRaw
 .data.input1   0x000000002000002c        0xe build/util.o
                0x000000002000002c                input1
 *fill*         0x000000002000003a        0x2 
 .data.input2   0x000000002000003c        0xe build/util.o
                0x000000002000003c                input2
 .data.timeoutCntADC
                0x000000002000004a        0x2 build/util.o
 .data.batVoltage
                0x000000002000004c        0x2 build/bldc.o
                0x000000002000004c                batVoltage
 *fill*         0x000000002000004e        0x2 
 .data.batVoltageFixdt
                0x0000000020000050        0x4 build/bldc.o
 .data.offsetdcl
                0x0000000020000054        0x2 build/bldc.o
 .data.offsetdcr
                0x0000000020000056        0x2 build/bldc.o
 .data.offsetrlA
                0x0000000020000058        0x2 build/bldc.o
 .data.offsetrlB
                0x000000002000005a        0x2 build/bldc.o
 .data.offsetrrB
                0x000000002000005c        0x2 build/bldc.o
 .data.offsetrrC
                0x000000002000005e        0x2 build/bldc.o
 .data.rtP_Left
                0x0000000020000060      0x100 build/BLDC_controller_data.o
                0x0000000020000060                rtP_Left
                0x0000000020000160                . = ALIGN (0x4)
                0x0000000020000160                _edata = .

.tm_clone_table
                0x0000000020000160        0x0 load address 0x0000000008005c7c
 .tm_clone_table
                0x0000000020000160        0x0 /usr/lib/gcc/arm-none-eabi/9.2.1/thumb/v7-m/nofp/crtbegin.o
 .tm_clone_table
                0x0000000020000160        0x0 /usr/lib/gcc/arm-none-eabi/9.2.1/thumb/v7-m/nofp/crtend.o

.igot.plt       0x0000000020000160        0x0 load address 0x0000000008005c7c
 .igot.plt      0x0000000020000160        0x0 /usr/lib/gcc/arm-none-eabi/9.2.1/thumb/v7-m/nofp/crtbegin.o
                0x0000000020000160                . = ALIGN (0x4)

.bss            0x0000000020000160      0x784 load address 0x0000000008005c7c
                0x0000000020000160                _sbss = .
                0x0000000020000160                __bss_start__ = _sbss
 *(.bss)
 .bss           0x0000000020000160       0x1c /usr/lib/gcc/arm-none-eabi/9.2.1/thumb/v7-m/nofp/crtbegin.o
 *(.bss*)
 .bss.timeoutFlgGen
                0x000000002000017c        0x1 build/control.o
                0x000000002000017c                timeoutFlgGen
 *fill*         0x000000002000017d        0x1 
 .bss.INPUT_MAX
                0x000000002000017e        0x2 build/util.o
 .bss.INPUT_MIN
                0x0000000020000180        0x2 build/util.o
 .bss.cur_spd_valid
                0x0000000020000182        0x1 build/util.o
 .bss.inIdx     0x0000000020000183        0x1 build/util.o
                0x0000000020000183                inIdx
 .bss.inp_cal_valid
                0x0000000020000184        0x1 build/util.o
 .bss.timeoutFlgADC
                0x0000000020000185        0x1 build/util.o
                0x0000000020000185                timeoutFlgADC
 .bss.timeoutFlgSerial
                0x0000000020000186        0x1 build/util.o
                0x0000000020000186                timeoutFlgSerial
 *fill*         0x0000000020000187        0x1 
 .bss.MultipleTapBrake
                0x0000000020000188        0x8 build/main.o
 .bss.inactivity_timeout_counter
                0x0000000020000190        0x4 build/main.o
 .bss.speed     0x0000000020000194        0x2 build/main.o
 *fill*         0x0000000020000196        0x2 
 .bss.speedFixdt
                0x0000000020000198        0x4 build/main.o
 .bss.speedRateFixdt
                0x000000002000019c        0x2 build/main.o
 .bss.steer     0x000000002000019e        0x2 build/main.o
 .bss.steerFixdt
                0x00000000200001a0        0x4 build/main.o
 .bss.steerRateFixdt
                0x00000000200001a4        0x2 build/main.o
 .bss.OverrunFlag.7826
                0x00000000200001a6        0x1 build/bldc.o
 .bss.buzzerCount
                0x00000000200001a7        0x1 build/bldc.o
                0x00000000200001a7                buzzerCount
 .bss.buzzerFreq
                0x00000000200001a8        0x1 build/bldc.o
                0x00000000200001a8                buzzerFreq
 .bss.buzzerIdx
                0x00000000200001a9        0x1 build/bldc.o
 .bss.buzzerPattern
                0x00000000200001aa        0x1 build/bldc.o
                0x00000000200001aa                buzzerPattern
 .bss.buzzerPrev
                0x00000000200001ab        0x1 build/bldc.o
 .bss.buzzerTimer
                0x00000000200001ac        0x4 build/bldc.o
 .bss.curL_DC   0x00000000200001b0        0x2 build/bldc.o
                0x00000000200001b0                curL_DC
 .bss.curL_phaA
                0x00000000200001b2        0x2 build/bldc.o
                0x00000000200001b2                curL_phaA
 .bss.curL_phaB
                0x00000000200001b4        0x2 build/bldc.o
                0x00000000200001b4                curL_phaB
 .bss.curR_DC   0x00000000200001b6        0x2 build/bldc.o
                0x00000000200001b6                curR_DC
 .bss.curR_phaB
                0x00000000200001b8        0x2 build/bldc.o
                0x00000000200001b8                curR_phaB
 .bss.curR_phaC
                0x00000000200001ba        0x2 build/bldc.o
                0x00000000200001ba                curR_phaC
 .bss.enable    0x00000000200001bc        0x1 build/bldc.o
                0x00000000200001bc                enable
 .bss.enableFin
                0x00000000200001bd        0x1 build/bldc.o
 .bss.offsetcount
                0x00000000200001be        0x2 build/bldc.o
 .bss.pwml      0x00000000200001c0        0x4 build/bldc.o
                0x00000000200001c0                pwml
 .bss.pwmr      0x00000000200001c4        0x4 build/bldc.o
                0x00000000200001c4                pwmr
 .bss.DataVar   0x00000000200001c8        0x2 build/eeprom.o
                0x00000000200001c8                DataVar
 *(COMMON)
 *fill*         0x00000000200001ca        0x6 
 COMMON         0x00000000200001d0       0x20 build/stm32f1xx_hal_flash.o
                0x00000000200001d0                pFlash
 COMMON         0x00000000200001f0        0x4 build/stm32f1xx_hal.o
                0x00000000200001f0                uwTick
 COMMON         0x00000000200001f4      0x360 build/setup.o
                0x00000000200001f4                hdma_usart2_rx
                0x0000000020000238                hdma_usart3_rx
                0x000000002000027c                huart3
                0x00000000200002bc                hadc2
                0x00000000200002ec                hi2c2
                0x0000000020000340                htim_right
                0x0000000020000380                hdma_usart3_tx
                0x00000000200003c4                hdma_i2c2_rx
                0x0000000020000408                hdma_i2c2_tx
                0x000000002000044c                hadc1
                0x000000002000047c                hdma_usart2_tx
                0x00000000200004c0                adc_buffer
                0x00000000200004d4                huart2
                0x0000000020000514                htim_left
 COMMON         0x0000000020000554      0x2c0 build/util.o
                0x0000000020000554                speedAvg
                0x0000000020000558                rtP_Right
                0x0000000020000658                rtY_Right
                0x0000000020000668                rtDW_Left
                0x0000000020000714                rtY_Left
                0x0000000020000724                rtU_Right
                0x0000000020000734                rtDW_Right
                0x00000000200007e0                rtU_Left
                0x00000000200007f0                rtM_Right_
                0x0000000020000800                speedAvgAbs
                0x0000000020000804                rtM_Left_
 COMMON         0x0000000020000814       0xd0 build/main.o
                0x0000000020000814                main_loop_counter
                0x0000000020000818                backwardDrive
                0x000000002000081c                uart_buf
                0x00000000200008e4                . = ALIGN (0x4)
                0x00000000200008e4                _ebss = .
                0x00000000200008e4                __bss_end__ = _ebss

._user_heap_stack
                0x00000000200008e4      0x604 load address 0x0000000008005c7c
                0x00000000200008e8                . = ALIGN (0x8)
 *fill*         0x00000000200008e4        0x4 
                [!provide]                        PROVIDE (end = .)
                [!provide]                        PROVIDE (_end = .)
                0x0000000020000ae8                . = (. + _Min_Heap_Size)
 *fill*         0x00000000200008e8      0x200 
                0x0000000020000ee8                . = (. + _Min_Stack_Size)
 *fill*         0x0000000020000ae8      0x400 
                0x0000000020000ee8                . = ALIGN (0x8)

/DISCARD/
 libc.a(*)
 libm.a(*)
 libgcc.a(*)

.ARM.attributes
                0x0000000000000000       0x29
 *(.ARM.attributes)
 .ARM.attributes
                0x0000000000000000       0x1d /usr/lib/gcc/arm-none-eabi/9.2.1/thumb/v7-m/nofp/crti.o
 .ARM.attributes
                0x000000000000001d       0x2d /usr/lib/gcc/arm-none-eabi/9.2.1/thumb/v7-m/nofp/crtbegin.o
 .ARM.attributes
                0x000000000000004a       0x2d build/stm32f1xx_hal_flash.o
 .ARM.attributes
                0x0000000000000077       0x2d build/stm32f1xx_hal_rcc.o
 .ARM.attributes
                0x00000000000000a4       0x2d build/stm32f1xx_hal_tim.o
 .ARM.attributes
                0x00000000000000d1       0x2d build/stm32f1xx_hal_tim_ex.o
 .ARM.attributes
                0x00000000000000fe       0x2d build/stm32f1xx_hal_adc_ex.o
 .ARM.attributes
                0x000000000000012b       0x2d build/stm32f1xx_hal_cortex.o
 .ARM.attributes
                0x0000000000000158       0x2d build/stm32f1xx_hal_flash_ex.o
 .ARM.attributes
                0x0000000000000185       0x2d build/stm32f1xx_hal_gpio.o
 .ARM.attributes
                0x00000000000001b2       0x2d build/stm32f1xx_hal_rcc_ex.o
 .ARM.attributes
                0x00000000000001df       0x2d build/stm32f1xx_hal.o
 .ARM.attributes
                0x000000000000020c       0x2d build/stm32f1xx_hal_adc.o
 .ARM.attributes
                0x0000000000000239       0x2d build/system_stm32f1xx.o
 .ARM.attributes
                0x0000000000000266       0x2d build/setup.o
 .ARM.attributes
                0x0000000000000293       0x2d build/control.o
 .ARM.attributes
                0x00000000000002c0       0x2d build/util.o
 .ARM.attributes
                0x00000000000002ed       0x2d build/main.o
 .ARM.attributes
                0x000000000000031a       0x2d build/bldc.o
 .ARM.attributes
                0x0000000000000347       0x2d build/eeprom.o
 .ARM.attributes
                0x0000000000000374       0x2d build/stm32f1xx_it.o
 .ARM.attributes
                0x00000000000003a1       0x33 build/BLDC_controller_data.o
 .ARM.attributes
                0x00000000000003d4       0x2d build/BLDC_controller.o
 .ARM.attributes
                0x0000000000000401       0x21 build/startup_stm32f103xe.o
 .ARM.attributes
                0x0000000000000422       0x2d /usr/lib/gcc/arm-none-eabi/9.2.1/../../../arm-none-eabi/lib/thumb/v7-m/nofp/libc_nano.a(lib_a-init.o)
 .ARM.attributes
                0x000000000000044f       0x1b /usr/lib/gcc/arm-none-eabi/9.2.1/../../../arm-none-eabi/lib/thumb/v7-m/nofp/libc_nano.a(lib_a-memcpy.o)
 .ARM.attributes
                0x000000000000046a       0x2d /usr/lib/gcc/arm-none-eabi/9.2.1/thumb/v7-m/nofp/crtend.o
 .ARM.attributes
                0x0000000000000497       0x1d /usr/lib/gcc/arm-none-eabi/9.2.1/thumb/v7-m/nofp/crtn.o
OUTPUT(build/hover.elf elf32-littlearm)
LOAD linker stubs
LOAD /usr/lib/gcc/arm-none-eabi/9.2.1/../../../arm-none-eabi/lib/thumb/v7-m/nofp/libc.a
LOAD /usr/lib/gcc/arm-none-eabi/9.2.1/../../../arm-none-eabi/lib/thumb/v7-m/nofp/libm.a
LOAD /usr/lib/gcc/arm-none-eabi/9.2.1/thumb/v7-m/nofp/libgcc.a

.comment        0x0000000000000000       0xa7
 .comment       0x0000000000000000       0x59 /usr/lib/gcc/arm-none-eabi/9.2.1/thumb/v7-m/nofp/crtbegin.o
                                         0x5a (size before relaxing)
 .comment       0x0000000000000059       0x5a build/stm32f1xx_hal_flash.o
 .comment       0x0000000000000059       0x5a build/stm32f1xx_hal_rcc.o
 .comment       0x0000000000000059       0x5a build/stm32f1xx_hal_tim.o
 .comment       0x0000000000000059       0x5a build/stm32f1xx_hal_tim_ex.o
 .comment       0x0000000000000059       0x5a build/stm32f1xx_hal_adc_ex.o
 .comment       0x0000000000000059       0x5a build/stm32f1xx_hal_cortex.o
 .comment       0x0000000000000059       0x5a build/stm32f1xx_hal_flash_ex.o
 .comment       0x0000000000000059       0x5a build/stm32f1xx_hal_gpio.o
 .comment       0x0000000000000059       0x5a build/stm32f1xx_hal_rcc_ex.o
 .comment       0x0000000000000059       0x5a build/stm32f1xx_hal.o
 .comment       0x0000000000000059       0x5a build/stm32f1xx_hal_adc.o
 .comment       0x0000000000000059       0x5a build/system_stm32f1xx.o
 .comment       0x0000000000000059       0x5a build/setup.o
 .comment       0x0000000000000059       0x5a build/control.o
 .comment       0x0000000000000059       0x5a build/util.o
 .comment       0x0000000000000059       0x5a build/main.o
 .comment       0x0000000000000059       0x5a build/bldc.o
 .comment       0x0000000000000059       0x5a build/eeprom.o
 .comment       0x0000000000000059       0x5a build/stm32f1xx_it.o
 .comment       0x0000000000000059       0x5a build/BLDC_controller_data.o
 .comment       0x0000000000000059       0x5a build/BLDC_controller.o
 .comment       0x0000000000000059       0x4e /usr/lib/gcc/arm-none-eabi/9.2.1/../../../arm-none-eabi/lib/thumb/v7-m/nofp/libc_nano.a(lib_a-init.o)
                                         0x4f (size before relaxing)
 .comment       0x00000000000000a7       0x5a /usr/lib/gcc/arm-none-eabi/9.2.1/thumb/v7-m/nofp/crtend.o

.debug_info     0x0000000000000000    0x2244b
 .debug_info    0x0000000000000000     0x10a1 build/stm32f1xx_hal_flash.o
 .debug_info    0x00000000000010a1     0x140c build/stm32f1xx_hal_rcc.o
 .debug_info    0x00000000000024ad     0x3e9b build/stm32f1xx_hal_tim.o
 .debug_info    0x0000000000006348     0x1efb build/stm32f1xx_hal_tim_ex.o
 .debug_info    0x0000000000008243     0x166e build/stm32f1xx_hal_adc_ex.o
 .debug_info    0x00000000000098b1     0x183b build/stm32f1xx_hal_cortex.o
 .debug_info    0x000000000000b0ec     0x1548 build/stm32f1xx_hal_flash_ex.o
 .debug_info    0x000000000000c634     0x10c0 build/stm32f1xx_hal_gpio.o
 .debug_info    0x000000000000d6f4      0xe77 build/stm32f1xx_hal_rcc_ex.o
 .debug_info    0x000000000000e56b     0x1169 build/stm32f1xx_hal.o
 .debug_info    0x000000000000f6d4     0x19dc build/stm32f1xx_hal_adc.o
 .debug_info    0x00000000000110b0      0xdd6 build/system_stm32f1xx.o
 .debug_info    0x0000000000011e86     0x2ace build/setup.o
 .debug_info    0x0000000000014954     0x157e build/control.o
 .debug_info    0x0000000000015ed2     0x3320 build/util.o
 .debug_info    0x00000000000191f2     0x28da build/main.o
 .debug_info    0x000000000001bacc     0x1dee build/bldc.o
 .debug_info    0x000000000001d8ba     0x137d build/eeprom.o
 .debug_info    0x000000000001ec37     0x13a2 build/stm32f1xx_it.o
 .debug_info    0x000000000001ffd9      0x485 build/BLDC_controller_data.o
 .debug_info    0x000000000002045e     0x1e8b build/BLDC_controller.o
 .debug_info    0x00000000000222e9       0x22 build/startup_stm32f103xe.o
 .debug_info    0x000000000002230b      0x11a /usr/lib/gcc/arm-none-eabi/9.2.1/../../../arm-none-eabi/lib/thumb/v7-m/nofp/libc_nano.a(lib_a-init.o)
 .debug_info    0x0000000000022425       0x26 /usr/lib/gcc/arm-none-eabi/9.2.1/../../../arm-none-eabi/lib/thumb/v7-m/nofp/libc_nano.a(lib_a-memcpy.o)

.debug_abbrev   0x0000000000000000     0x3f05
 .debug_abbrev  0x0000000000000000      0x358 build/stm32f1xx_hal_flash.o
 .debug_abbrev  0x0000000000000358      0x36e build/stm32f1xx_hal_rcc.o
 .debug_abbrev  0x00000000000006c6      0x371 build/stm32f1xx_hal_tim.o
 .debug_abbrev  0x0000000000000a37      0x346 build/stm32f1xx_hal_tim_ex.o
 .debug_abbrev  0x0000000000000d7d      0x31d build/stm32f1xx_hal_adc_ex.o
 .debug_abbrev  0x000000000000109a      0x44e build/stm32f1xx_hal_cortex.o
 .debug_abbrev  0x00000000000014e8      0x37c build/stm32f1xx_hal_flash_ex.o
 .debug_abbrev  0x0000000000001864      0x30a build/stm32f1xx_hal_gpio.o
 .debug_abbrev  0x0000000000001b6e      0x2de build/stm32f1xx_hal_rcc_ex.o
 .debug_abbrev  0x0000000000001e4c      0x31b build/stm32f1xx_hal.o
 .debug_abbrev  0x0000000000002167      0x2ef build/stm32f1xx_hal_adc.o
 .debug_abbrev  0x0000000000002456      0x23f build/system_stm32f1xx.o
 .debug_abbrev  0x0000000000002695      0x28f build/setup.o
 .debug_abbrev  0x0000000000002924      0x26c build/control.o
 .debug_abbrev  0x0000000000002b90      0x40b build/util.o
 .debug_abbrev  0x0000000000002f9b      0x307 build/main.o
 .debug_abbrev  0x00000000000032a2      0x2db build/bldc.o
 .debug_abbrev  0x000000000000357d      0x2f4 build/eeprom.o
 .debug_abbrev  0x0000000000003871      0x21e build/stm32f1xx_it.o
 .debug_abbrev  0x0000000000003a8f       0xd4 build/BLDC_controller_data.o
 .debug_abbrev  0x0000000000003b63      0x2b0 build/BLDC_controller.o
 .debug_abbrev  0x0000000000003e13       0x12 build/startup_stm32f103xe.o
 .debug_abbrev  0x0000000000003e25       0xcc /usr/lib/gcc/arm-none-eabi/9.2.1/../../../arm-none-eabi/lib/thumb/v7-m/nofp/libc_nano.a(lib_a-init.o)
 .debug_abbrev  0x0000000000003ef1       0x14 /usr/lib/gcc/arm-none-eabi/9.2.1/../../../arm-none-eabi/lib/thumb/v7-m/nofp/libc_nano.a(lib_a-memcpy.o)

.debug_loc      0x0000000000000000     0xdba8
 .debug_loc     0x0000000000000000      0x420 build/stm32f1xx_hal_flash.o
 .debug_loc     0x0000000000000420      0x70d build/stm32f1xx_hal_rcc.o
 .debug_loc     0x0000000000000b2d     0x41dc build/stm32f1xx_hal_tim.o
 .debug_loc     0x0000000000004d09     0x13ad build/stm32f1xx_hal_tim_ex.o
 .debug_loc     0x00000000000060b6      0xb01 build/stm32f1xx_hal_adc_ex.o
 .debug_loc     0x0000000000006bb7      0x7af build/stm32f1xx_hal_cortex.o
 .debug_loc     0x0000000000007366      0x9d7 build/stm32f1xx_hal_flash_ex.o
 .debug_loc     0x0000000000007d3d      0x5cc build/stm32f1xx_hal_gpio.o
 .debug_loc     0x0000000000008309      0x424 build/stm32f1xx_hal_rcc_ex.o
 .debug_loc     0x000000000000872d      0x124 build/stm32f1xx_hal.o
 .debug_loc     0x0000000000008851      0xdf1 build/stm32f1xx_hal_adc.o
 .debug_loc     0x0000000000009642       0xff build/system_stm32f1xx.o
 .debug_loc     0x0000000000009741      0x11b build/setup.o
 .debug_loc     0x000000000000985c       0xc0 build/control.o
 .debug_loc     0x000000000000991c      0xcf4 build/util.o
 .debug_loc     0x000000000000a610      0x127 build/main.o
 .debug_loc     0x000000000000a737      0x28c build/bldc.o
 .debug_loc     0x000000000000a9c3      0xc19 build/eeprom.o
 .debug_loc     0x000000000000b5dc       0x20 build/stm32f1xx_it.o
 .debug_loc     0x000000000000b5fc     0x24f2 build/BLDC_controller.o
 .debug_loc     0x000000000000daee       0xba /usr/lib/gcc/arm-none-eabi/9.2.1/../../../arm-none-eabi/lib/thumb/v7-m/nofp/libc_nano.a(lib_a-init.o)

.debug_aranges  0x0000000000000000      0xda0
 .debug_aranges
                0x0000000000000000       0x88 build/stm32f1xx_hal_flash.o
 .debug_aranges
                0x0000000000000088       0x90 build/stm32f1xx_hal_rcc.o
 .debug_aranges
                0x0000000000000118      0x368 build/stm32f1xx_hal_tim.o
 .debug_aranges
                0x0000000000000480      0x138 build/stm32f1xx_hal_tim_ex.o
 .debug_aranges
                0x00000000000005b8       0x80 build/stm32f1xx_hal_adc_ex.o
 .debug_aranges
                0x0000000000000638       0x90 build/stm32f1xx_hal_cortex.o
 .debug_aranges
                0x00000000000006c8       0x98 build/stm32f1xx_hal_flash_ex.o
 .debug_aranges
                0x0000000000000760       0x58 build/stm32f1xx_hal_gpio.o
 .debug_aranges
                0x00000000000007b8       0x30 build/stm32f1xx_hal_rcc_ex.o
 .debug_aranges
                0x00000000000007e8       0xb8 build/stm32f1xx_hal.o
 .debug_aranges
                0x00000000000008a0       0xf0 build/stm32f1xx_hal_adc.o
 .debug_aranges
                0x0000000000000990       0x28 build/system_stm32f1xx.o
 .debug_aranges
                0x00000000000009b8       0x40 build/setup.o
 .debug_aranges
                0x00000000000009f8       0x30 build/control.o
 .debug_aranges
                0x0000000000000a28      0x110 build/util.o
 .debug_aranges
                0x0000000000000b38       0x28 build/main.o
 .debug_aranges
                0x0000000000000b60       0x20 build/bldc.o
 .debug_aranges
                0x0000000000000b80       0x58 build/eeprom.o
 .debug_aranges
                0x0000000000000bd8       0x60 build/stm32f1xx_it.o
 .debug_aranges
                0x0000000000000c38       0x18 build/BLDC_controller_data.o
 .debug_aranges
                0x0000000000000c50       0xe8 build/BLDC_controller.o
 .debug_aranges
                0x0000000000000d38       0x28 build/startup_stm32f103xe.o
 .debug_aranges
                0x0000000000000d60       0x20 /usr/lib/gcc/arm-none-eabi/9.2.1/../../../arm-none-eabi/lib/thumb/v7-m/nofp/libc_nano.a(lib_a-init.o)
 .debug_aranges
                0x0000000000000d80       0x20 /usr/lib/gcc/arm-none-eabi/9.2.1/../../../arm-none-eabi/lib/thumb/v7-m/nofp/libc_nano.a(lib_a-memcpy.o)

.debug_ranges   0x0000000000000000      0xd00
 .debug_ranges  0x0000000000000000       0x78 build/stm32f1xx_hal_flash.o
 .debug_ranges  0x0000000000000078       0xa0 build/stm32f1xx_hal_rcc.o
 .debug_ranges  0x0000000000000118      0x358 build/stm32f1xx_hal_tim.o
 .debug_ranges  0x0000000000000470      0x128 build/stm32f1xx_hal_tim_ex.o
 .debug_ranges  0x0000000000000598       0x70 build/stm32f1xx_hal_adc_ex.o
 .debug_ranges  0x0000000000000608       0xe0 build/stm32f1xx_hal_cortex.o
 .debug_ranges  0x00000000000006e8       0x88 build/stm32f1xx_hal_flash_ex.o
 .debug_ranges  0x0000000000000770       0x48 build/stm32f1xx_hal_gpio.o
 .debug_ranges  0x00000000000007b8       0x38 build/stm32f1xx_hal_rcc_ex.o
 .debug_ranges  0x00000000000007f0       0xa8 build/stm32f1xx_hal.o
 .debug_ranges  0x0000000000000898       0xe0 build/stm32f1xx_hal_adc.o
 .debug_ranges  0x0000000000000978       0x18 build/system_stm32f1xx.o
 .debug_ranges  0x0000000000000990       0x30 build/setup.o
 .debug_ranges  0x00000000000009c0       0x20 build/control.o
 .debug_ranges  0x00000000000009e0      0x150 build/util.o
 .debug_ranges  0x0000000000000b30       0x30 build/main.o
 .debug_ranges  0x0000000000000b60       0x10 build/bldc.o
 .debug_ranges  0x0000000000000b70       0x48 build/eeprom.o
 .debug_ranges  0x0000000000000bb8       0x50 build/stm32f1xx_it.o
 .debug_ranges  0x0000000000000c08       0xd8 build/BLDC_controller.o
 .debug_ranges  0x0000000000000ce0       0x20 build/startup_stm32f103xe.o

.debug_line     0x0000000000000000     0xe859
 .debug_line    0x0000000000000000      0x75d build/stm32f1xx_hal_flash.o
 .debug_line    0x000000000000075d      0xaf9 build/stm32f1xx_hal_rcc.o
 .debug_line    0x0000000000001256     0x3133 build/stm32f1xx_hal_tim.o
 .debug_line    0x0000000000004389      0xfe0 build/stm32f1xx_hal_tim_ex.o
 .debug_line    0x0000000000005369      0xb54 build/stm32f1xx_hal_adc_ex.o
 .debug_line    0x0000000000005ebd      0x589 build/stm32f1xx_hal_cortex.o
 .debug_line    0x0000000000006446      0x8f5 build/stm32f1xx_hal_flash_ex.o
 .debug_line    0x0000000000006d3b      0x5f9 build/stm32f1xx_hal_gpio.o
 .debug_line    0x0000000000007334      0x49a build/stm32f1xx_hal_rcc_ex.o
 .debug_line    0x00000000000077ce      0x3f7 build/stm32f1xx_hal.o
 .debug_line    0x0000000000007bc5      0xe76 build/stm32f1xx_hal_adc.o
 .debug_line    0x0000000000008a3b      0x239 build/system_stm32f1xx.o
 .debug_line    0x0000000000008c74      0x8d6 build/setup.o
 .debug_line    0x000000000000954a      0x25f build/control.o
 .debug_line    0x00000000000097a9     0x121a build/util.o
 .debug_line    0x000000000000a9c3      0x68e build/main.o
 .debug_line    0x000000000000b051      0x75b build/bldc.o
 .debug_line    0x000000000000b7ac      0x8e9 build/eeprom.o
 .debug_line    0x000000000000c095      0x2d1 build/stm32f1xx_it.o
 .debug_line    0x000000000000c366       0x62 build/BLDC_controller_data.o
 .debug_line    0x000000000000c3c8     0x224a build/BLDC_controller.o
 .debug_line    0x000000000000e612       0x72 build/startup_stm32f103xe.o
 .debug_line    0x000000000000e684      0x114 /usr/lib/gcc/arm-none-eabi/9.2.1/../../../arm-none-eabi/lib/thumb/v7-m/nofp/libc_nano.a(lib_a-init.o)
 .debug_line    0x000000000000e798       0xc1 /usr/lib/gcc/arm-none-eabi/9.2.1/../../../arm-none-eabi/lib/thumb/v7-m/nofp/libc_nano.a(lib_a-memcpy.o)

.debug_str      0x0000000000000000     0x5638
 .debug_str     0x0000000000000000      0x880 build/stm32f1xx_hal_flash.o
                                        0x941 (size before relaxing)
 .debug_str     0x0000000000000880      0x3b0 build/stm32f1xx_hal_rcc.o
                                        0xa0c (size before relaxing)
 .debug_str     0x0000000000000c30     0x10a9 build/stm32f1xx_hal_tim.o
                                       0x1764 (size before relaxing)
 .debug_str     0x0000000000001cd9      0x4ee build/stm32f1xx_hal_tim_ex.o
                                       0x1006 (size before relaxing)
 .debug_str     0x00000000000021c7      0x42a build/stm32f1xx_hal_adc_ex.o
                                        0xc7a (size before relaxing)
 .debug_str     0x00000000000025f1      0x6de build/stm32f1xx_hal_cortex.o
                                        0xdb7 (size before relaxing)
 .debug_str     0x0000000000002ccf      0x2b8 build/stm32f1xx_hal_flash_ex.o
                                        0xa57 (size before relaxing)
 .debug_str     0x0000000000002f87      0x17b build/stm32f1xx_hal_gpio.o
                                        0x835 (size before relaxing)
 .debug_str     0x0000000000003102      0x133 build/stm32f1xx_hal_rcc_ex.o
                                        0x839 (size before relaxing)
 .debug_str     0x0000000000003235      0x1b3 build/stm32f1xx_hal.o
                                        0xc53 (size before relaxing)
 .debug_str     0x00000000000033e8      0x2a4 build/stm32f1xx_hal_adc.o
                                        0xcc7 (size before relaxing)
 .debug_str     0x000000000000368c       0x4a build/system_stm32f1xx.o
                                        0x6a9 (size before relaxing)
 .debug_str     0x00000000000036d6      0x529 build/setup.o
                                       0x1740 (size before relaxing)
 .debug_str     0x0000000000003bff       0xc0 build/control.o
                                        0xd06 (size before relaxing)
 .debug_str     0x0000000000003cbf      0xe4a build/util.o
                                       0x1b48 (size before relaxing)
 .debug_str     0x0000000000004b09       0xec build/main.o
                                       0x1990 (size before relaxing)
 .debug_str     0x0000000000004bf5      0x14d build/bldc.o
                                       0x113c (size before relaxing)
 .debug_str     0x0000000000004d42      0x123 build/eeprom.o
                                        0x7ef (size before relaxing)
 .debug_str     0x0000000000004e65       0xa3 build/stm32f1xx_it.o
                                        0xcd8 (size before relaxing)
 .debug_str     0x0000000000004f08       0x1b build/BLDC_controller_data.o
                                        0x46d (size before relaxing)
 .debug_str     0x0000000000004f23      0x4cd build/BLDC_controller.o
                                        0xf6f (size before relaxing)
 .debug_str     0x00000000000053f0       0x22 build/startup_stm32f103xe.o
                                         0x5c (size before relaxing)
 .debug_str     0x0000000000005412      0x180 /usr/lib/gcc/arm-none-eabi/9.2.1/../../../arm-none-eabi/lib/thumb/v7-m/nofp/libc_nano.a(lib_a-init.o)
                                        0x221 (size before relaxing)
 .debug_str     0x0000000000005592       0xa6 /usr/lib/gcc/arm-none-eabi/9.2.1/../../../arm-none-eabi/lib/thumb/v7-m/nofp/libc_nano.a(lib_a-memcpy.o)
                                         0xb2 (size before relaxing)

.debug_frame    0x0000000000000000     0x2310
 .debug_frame   0x0000000000000000      0x134 build/stm32f1xx_hal_flash.o
 .debug_frame   0x0000000000000134      0x160 build/stm32f1xx_hal_rcc.o
 .debug_frame   0x0000000000000294      0x9c8 build/stm32f1xx_hal_tim.o
 .debug_frame   0x0000000000000c5c      0x374 build/stm32f1xx_hal_tim_ex.o
 .debug_frame   0x0000000000000fd0      0x190 build/stm32f1xx_hal_adc_ex.o
 .debug_frame   0x0000000000001160      0x12c build/stm32f1xx_hal_cortex.o
 .debug_frame   0x000000000000128c      0x194 build/stm32f1xx_hal_flash_ex.o
 .debug_frame   0x0000000000001420       0xe8 build/stm32f1xx_hal_gpio.o
 .debug_frame   0x0000000000001508       0x68 build/stm32f1xx_hal_rcc_ex.o
 .debug_frame   0x0000000000001570      0x178 build/stm32f1xx_hal.o
 .debug_frame   0x00000000000016e8      0x2cc build/stm32f1xx_hal_adc.o
 .debug_frame   0x00000000000019b4       0x30 build/system_stm32f1xx.o
 .debug_frame   0x00000000000019e4       0xe4 build/setup.o
 .debug_frame   0x0000000000001ac8       0x78 build/control.o
 .debug_frame   0x0000000000001b40      0x320 build/util.o
 .debug_frame   0x0000000000001e60       0x54 build/main.o
 .debug_frame   0x0000000000001eb4       0x38 build/bldc.o
 .debug_frame   0x0000000000001eec       0xf4 build/eeprom.o
 .debug_frame   0x0000000000001fe0       0xa8 build/stm32f1xx_it.o
 .debug_frame   0x0000000000002088      0x25c build/BLDC_controller.o
 .debug_frame   0x00000000000022e4       0x2c /usr/lib/gcc/arm-none-eabi/9.2.1/../../../arm-none-eabi/lib/thumb/v7-m/nofp/libc_nano.a(lib_a-init.o)

Cross Reference Table

Symbol                                            File
ADC1_2_IRQHandler                                 build/startup_stm32f103xe.o
ADC3_IRQHandler                                   build/startup_stm32f103xe.o
ADC_ConversionStop_Disable                        build/stm32f1xx_hal_adc.o
                                                  build/stm32f1xx_hal_adc_ex.o
ADC_DMAConvCplt                                   build/stm32f1xx_hal_adc.o
                                                  build/stm32f1xx_hal_adc_ex.o
ADC_DMAError                                      build/stm32f1xx_hal_adc.o
                                                  build/stm32f1xx_hal_adc_ex.o
ADC_DMAHalfConvCplt                               build/stm32f1xx_hal_adc.o
                                                  build/stm32f1xx_hal_adc_ex.o
ADC_Enable                                        build/stm32f1xx_hal_adc.o
                                                  build/stm32f1xx_hal_adc_ex.o
AHBPrescTable                                     build/system_stm32f1xx.o
                                                  build/stm32f1xx_hal_rcc.o
APBPrescTable                                     build/system_stm32f1xx.o
                                                  build/stm32f1xx_hal_rcc.o
BLDC_Init                                         build/util.o
                                                  build/main.o
BLDC_controller_initialize                        build/BLDC_controller.o
                                                  build/util.o
BLDC_controller_step                              build/BLDC_controller.o
                                                  build/bldc.o
BusFault_Handler                                  build/stm32f1xx_it.o
CAN1_RX1_IRQHandler                               build/startup_stm32f103xe.o
CAN1_SCE_IRQHandler                               build/startup_stm32f103xe.o
Counter                                           build/BLDC_controller.o
Counter_Init                                      build/BLDC_controller.o
Counter_b_Init                                    build/BLDC_controller.o
Counter_n                                         build/BLDC_controller.o
DMA1_Channel1_IRQHandler                          build/bldc.o
DMA1_Channel2_IRQHandler                          build/startup_stm32f103xe.o
DMA1_Channel3_IRQHandler                          build/startup_stm32f103xe.o
DMA1_Channel4_IRQHandler                          build/startup_stm32f103xe.o
DMA1_Channel5_IRQHandler                          build/startup_stm32f103xe.o
DMA1_Channel6_IRQHandler                          build/startup_stm32f103xe.o
DMA1_Channel7_IRQHandler                          build/startup_stm32f103xe.o
DMA2_Channel1_IRQHandler                          build/startup_stm32f103xe.o
DMA2_Channel2_IRQHandler                          build/startup_stm32f103xe.o
DMA2_Channel3_IRQHandler                          build/startup_stm32f103xe.o
DMA2_Channel4_5_IRQHandler                        build/startup_stm32f103xe.o
DataVar                                           build/eeprom.o
Debounce_Filter                                   build/BLDC_controller.o
Debounce_Filter_Init                              build/BLDC_controller.o
DebugMon_Handler                                  build/stm32f1xx_it.o
Default_Handler                                   build/startup_stm32f103xe.o
EE_Init                                           build/eeprom.o
                                                  build/util.o
EE_ReadVariable                                   build/eeprom.o
                                                  build/util.o
EE_WriteVariable                                  build/eeprom.o
                                                  build/util.o
EXTI0_IRQHandler                                  build/startup_stm32f103xe.o
EXTI15_10_IRQHandler                              build/startup_stm32f103xe.o
EXTI1_IRQHandler                                  build/startup_stm32f103xe.o
EXTI2_IRQHandler                                  build/startup_stm32f103xe.o
EXTI3_IRQHandler                                  build/startup_stm32f103xe.o
EXTI4_IRQHandler                                  build/startup_stm32f103xe.o
EXTI9_5_IRQHandler                                build/startup_stm32f103xe.o
FLASH_IRQHandler                                  build/startup_stm32f103xe.o
FLASH_PageErase                                   build/stm32f1xx_hal_flash_ex.o
                                                  build/stm32f1xx_hal_flash.o
FLASH_WaitForLastOperation                        build/stm32f1xx_hal_flash.o
                                                  build/stm32f1xx_hal_flash_ex.o
FSMC_IRQHandler                                   build/startup_stm32f103xe.o
HAL_ADCEx_Calibration_Start                       build/stm32f1xx_hal_adc_ex.o
HAL_ADCEx_InjectedConfigChannel                   build/stm32f1xx_hal_adc_ex.o
HAL_ADCEx_InjectedConvCpltCallback                build/stm32f1xx_hal_adc_ex.o
                                                  build/stm32f1xx_hal_adc.o
HAL_ADCEx_InjectedGetValue                        build/stm32f1xx_hal_adc_ex.o
HAL_ADCEx_InjectedPollForConversion               build/stm32f1xx_hal_adc_ex.o
HAL_ADCEx_InjectedStart                           build/stm32f1xx_hal_adc_ex.o
HAL_ADCEx_InjectedStart_IT                        build/stm32f1xx_hal_adc_ex.o
HAL_ADCEx_InjectedStop                            build/stm32f1xx_hal_adc_ex.o
HAL_ADCEx_InjectedStop_IT                         build/stm32f1xx_hal_adc_ex.o
HAL_ADCEx_MultiModeConfigChannel                  build/stm32f1xx_hal_adc_ex.o
                                                  build/setup.o
HAL_ADCEx_MultiModeGetValue                       build/stm32f1xx_hal_adc_ex.o
HAL_ADCEx_MultiModeStart_DMA                      build/stm32f1xx_hal_adc_ex.o
HAL_ADCEx_MultiModeStop_DMA                       build/stm32f1xx_hal_adc_ex.o
HAL_ADC_AnalogWDGConfig                           build/stm32f1xx_hal_adc.o
HAL_ADC_ConfigChannel                             build/stm32f1xx_hal_adc.o
                                                  build/setup.o
HAL_ADC_ConvCpltCallback                          build/stm32f1xx_hal_adc.o
HAL_ADC_ConvHalfCpltCallback                      build/stm32f1xx_hal_adc.o
HAL_ADC_DeInit                                    build/stm32f1xx_hal_adc.o
HAL_ADC_ErrorCallback                             build/stm32f1xx_hal_adc.o
HAL_ADC_GetError                                  build/stm32f1xx_hal_adc.o
HAL_ADC_GetState                                  build/stm32f1xx_hal_adc.o
HAL_ADC_GetValue                                  build/stm32f1xx_hal_adc.o
HAL_ADC_IRQHandler                                build/stm32f1xx_hal_adc.o
HAL_ADC_Init                                      build/stm32f1xx_hal_adc.o
                                                  build/setup.o
HAL_ADC_LevelOutOfWindowCallback                  build/stm32f1xx_hal_adc.o
HAL_ADC_MspDeInit                                 build/stm32f1xx_hal_adc.o
HAL_ADC_MspInit                                   build/stm32f1xx_hal_adc.o
HAL_ADC_PollForConversion                         build/stm32f1xx_hal_adc.o
HAL_ADC_PollForEvent                              build/stm32f1xx_hal_adc.o
HAL_ADC_Start                                     build/stm32f1xx_hal_adc.o
                                                  build/main.o
HAL_ADC_Start_DMA                                 build/stm32f1xx_hal_adc.o
HAL_ADC_Start_IT                                  build/stm32f1xx_hal_adc.o
HAL_ADC_Stop                                      build/stm32f1xx_hal_adc.o
HAL_ADC_Stop_DMA                                  build/stm32f1xx_hal_adc.o
HAL_ADC_Stop_IT                                   build/stm32f1xx_hal_adc.o
HAL_DBGMCU_DisableDBGSleepMode                    build/stm32f1xx_hal.o
HAL_DBGMCU_DisableDBGStandbyMode                  build/stm32f1xx_hal.o
HAL_DBGMCU_DisableDBGStopMode                     build/stm32f1xx_hal.o
HAL_DBGMCU_EnableDBGSleepMode                     build/stm32f1xx_hal.o
HAL_DBGMCU_EnableDBGStandbyMode                   build/stm32f1xx_hal.o
HAL_DBGMCU_EnableDBGStopMode                      build/stm32f1xx_hal.o
HAL_DMA_Abort                                     build/stm32f1xx_hal_dma.o
                                                  build/stm32f1xx_hal_uart.o
                                                  build/stm32f1xx_hal_adc.o
                                                  build/stm32f1xx_hal_adc_ex.o
                                                  build/stm32f1xx_hal_tim.o
HAL_DMA_Abort_IT                                  build/stm32f1xx_hal_dma.o
                                                  build/stm32f1xx_hal_i2c.o
                                                  build/stm32f1xx_hal_uart.o
HAL_DMA_DeInit                                    build/stm32f1xx_hal_dma.o
HAL_DMA_GetError                                  build/stm32f1xx_hal_dma.o
HAL_DMA_GetState                                  build/stm32f1xx_hal_dma.o
HAL_DMA_IRQHandler                                build/stm32f1xx_hal_dma.o
HAL_DMA_Init                                      build/stm32f1xx_hal_dma.o
                                                  build/setup.o
HAL_DMA_PollForTransfer                           build/stm32f1xx_hal_dma.o
HAL_DMA_RegisterCallback                          build/stm32f1xx_hal_dma.o
HAL_DMA_Start                                     build/stm32f1xx_hal_dma.o
HAL_DMA_Start_IT                                  build/stm32f1xx_hal_dma.o
                                                  build/stm32f1xx_hal_i2c.o
                                                  build/stm32f1xx_hal_uart.o
                                                  build/stm32f1xx_hal_adc.o
                                                  build/stm32f1xx_hal_adc_ex.o
                                                  build/stm32f1xx_hal_tim_ex.o
                                                  build/stm32f1xx_hal_tim.o
HAL_DMA_UnRegisterCallback                        build/stm32f1xx_hal_dma.o
HAL_DeInit                                        build/stm32f1xx_hal.o
HAL_Delay                                         build/stm32f1xx_hal.o
                                                  build/hd44780.o
                                                  build/main.o
                                                  build/util.o
                                                  build/control.o
HAL_FLASHEx_Erase                                 build/stm32f1xx_hal_flash_ex.o
                                                  build/eeprom.o
HAL_FLASHEx_Erase_IT                              build/stm32f1xx_hal_flash_ex.o
HAL_FLASHEx_OBErase                               build/stm32f1xx_hal_flash_ex.o
HAL_FLASHEx_OBGetConfig                           build/stm32f1xx_hal_flash_ex.o
HAL_FLASHEx_OBGetUserData                         build/stm32f1xx_hal_flash_ex.o
HAL_FLASHEx_OBProgram                             build/stm32f1xx_hal_flash_ex.o
HAL_FLASH_EndOfOperationCallback                  build/stm32f1xx_hal_flash.o
HAL_FLASH_GetError                                build/stm32f1xx_hal_flash.o
HAL_FLASH_IRQHandler                              build/stm32f1xx_hal_flash.o
HAL_FLASH_Lock                                    build/stm32f1xx_hal_flash.o
                                                  build/util.o
HAL_FLASH_OB_Launch                               build/stm32f1xx_hal_flash.o
HAL_FLASH_OB_Lock                                 build/stm32f1xx_hal_flash.o
HAL_FLASH_OB_Unlock                               build/stm32f1xx_hal_flash.o
HAL_FLASH_OperationErrorCallback                  build/stm32f1xx_hal_flash.o
HAL_FLASH_Program                                 build/stm32f1xx_hal_flash.o
                                                  build/eeprom.o
HAL_FLASH_Program_IT                              build/stm32f1xx_hal_flash.o
HAL_FLASH_Unlock                                  build/stm32f1xx_hal_flash.o
                                                  build/util.o
HAL_GPIOEx_ConfigEventout                         build/stm32f1xx_hal_gpio_ex.o
HAL_GPIOEx_DisableEventout                        build/stm32f1xx_hal_gpio_ex.o
HAL_GPIOEx_EnableEventout                         build/stm32f1xx_hal_gpio_ex.o
HAL_GPIO_DeInit                                   build/stm32f1xx_hal_gpio.o
HAL_GPIO_EXTI_Callback                            build/stm32f1xx_hal_gpio.o
HAL_GPIO_EXTI_IRQHandler                          build/stm32f1xx_hal_gpio.o
HAL_GPIO_Init                                     build/stm32f1xx_hal_gpio.o
                                                  build/setup.o
                                                  build/stm32f1xx_hal_rcc.o
HAL_GPIO_LockPin                                  build/stm32f1xx_hal_gpio.o
HAL_GPIO_ReadPin                                  build/stm32f1xx_hal_gpio.o
                                                  build/util.o
HAL_GPIO_TogglePin                                build/stm32f1xx_hal_gpio.o
                                                  build/bldc.o
HAL_GPIO_WritePin                                 build/stm32f1xx_hal_gpio.o
                                                  build/bldc.o
                                                  build/main.o
                                                  build/util.o
HAL_GetDEVID                                      build/stm32f1xx_hal.o
HAL_GetHalVersion                                 build/stm32f1xx_hal.o
HAL_GetREVID                                      build/stm32f1xx_hal.o
HAL_GetTick                                       build/stm32f1xx_hal.o
                                                  build/main.o
                                                  build/stm32f1xx_hal_dma.o
                                                  build/stm32f1xx_hal_i2c.o
                                                  build/stm32f1xx_hal_uart.o
                                                  build/stm32f1xx_hal_adc.o
                                                  build/stm32f1xx_hal_rcc_ex.o
                                                  build/stm32f1xx_hal_adc_ex.o
                                                  build/stm32f1xx_hal_rcc.o
                                                  build/stm32f1xx_hal_flash.o
HAL_GetUID                                        build/stm32f1xx_hal.o
HAL_HalfDuplex_EnableReceiver                     build/stm32f1xx_hal_uart.o
HAL_HalfDuplex_EnableTransmitter                  build/stm32f1xx_hal_uart.o
HAL_HalfDuplex_Init                               build/stm32f1xx_hal_uart.o
HAL_I2C_AbortCpltCallback                         build/stm32f1xx_hal_i2c.o
HAL_I2C_AddrCallback                              build/stm32f1xx_hal_i2c.o
HAL_I2C_DeInit                                    build/stm32f1xx_hal_i2c.o
                                                  build/pcf8574.o
HAL_I2C_DisableListen_IT                          build/stm32f1xx_hal_i2c.o
HAL_I2C_ER_IRQHandler                             build/stm32f1xx_hal_i2c.o
HAL_I2C_EV_IRQHandler                             build/stm32f1xx_hal_i2c.o
HAL_I2C_EnableListen_IT                           build/stm32f1xx_hal_i2c.o
HAL_I2C_ErrorCallback                             build/stm32f1xx_hal_i2c.o
HAL_I2C_GetError                                  build/stm32f1xx_hal_i2c.o
HAL_I2C_GetMode                                   build/stm32f1xx_hal_i2c.o
HAL_I2C_GetState                                  build/stm32f1xx_hal_i2c.o
HAL_I2C_Init                                      build/stm32f1xx_hal_i2c.o
                                                  build/setup.o
HAL_I2C_IsDeviceReady                             build/stm32f1xx_hal_i2c.o
HAL_I2C_ListenCpltCallback                        build/stm32f1xx_hal_i2c.o
HAL_I2C_MasterRxCpltCallback                      build/stm32f1xx_hal_i2c.o
HAL_I2C_MasterTxCpltCallback                      build/stm32f1xx_hal_i2c.o
HAL_I2C_Master_Abort_IT                           build/stm32f1xx_hal_i2c.o
HAL_I2C_Master_Receive                            build/stm32f1xx_hal_i2c.o
                                                  build/pcf8574.o
                                                  build/control.o
HAL_I2C_Master_Receive_DMA                        build/stm32f1xx_hal_i2c.o
HAL_I2C_Master_Receive_IT                         build/stm32f1xx_hal_i2c.o
HAL_I2C_Master_Sequential_Receive_IT              build/stm32f1xx_hal_i2c.o
HAL_I2C_Master_Sequential_Transmit_IT             build/stm32f1xx_hal_i2c.o
HAL_I2C_Master_Transmit                           build/stm32f1xx_hal_i2c.o
                                                  build/pcf8574.o
                                                  build/control.o
HAL_I2C_Master_Transmit_DMA                       build/stm32f1xx_hal_i2c.o
HAL_I2C_Master_Transmit_IT                        build/stm32f1xx_hal_i2c.o
HAL_I2C_MemRxCpltCallback                         build/stm32f1xx_hal_i2c.o
HAL_I2C_MemTxCpltCallback                         build/stm32f1xx_hal_i2c.o
HAL_I2C_Mem_Read                                  build/stm32f1xx_hal_i2c.o
HAL_I2C_Mem_Read_DMA                              build/stm32f1xx_hal_i2c.o
HAL_I2C_Mem_Read_IT                               build/stm32f1xx_hal_i2c.o
HAL_I2C_Mem_Write                                 build/stm32f1xx_hal_i2c.o
HAL_I2C_Mem_Write_DMA                             build/stm32f1xx_hal_i2c.o
HAL_I2C_Mem_Write_IT                              build/stm32f1xx_hal_i2c.o
HAL_I2C_MspDeInit                                 build/stm32f1xx_hal_i2c.o
HAL_I2C_MspInit                                   build/stm32f1xx_hal_i2c.o
HAL_I2C_SlaveRxCpltCallback                       build/stm32f1xx_hal_i2c.o
HAL_I2C_SlaveTxCpltCallback                       build/stm32f1xx_hal_i2c.o
HAL_I2C_Slave_Receive                             build/stm32f1xx_hal_i2c.o
HAL_I2C_Slave_Receive_DMA                         build/stm32f1xx_hal_i2c.o
HAL_I2C_Slave_Receive_IT                          build/stm32f1xx_hal_i2c.o
HAL_I2C_Slave_Sequential_Receive_IT               build/stm32f1xx_hal_i2c.o
HAL_I2C_Slave_Sequential_Transmit_IT              build/stm32f1xx_hal_i2c.o
HAL_I2C_Slave_Transmit                            build/stm32f1xx_hal_i2c.o
HAL_I2C_Slave_Transmit_DMA                        build/stm32f1xx_hal_i2c.o
HAL_I2C_Slave_Transmit_IT                         build/stm32f1xx_hal_i2c.o
HAL_IncTick                                       build/stm32f1xx_hal.o
                                                  build/stm32f1xx_it.o
HAL_Init                                          build/stm32f1xx_hal.o
                                                  build/main.o
HAL_InitTick                                      build/stm32f1xx_hal.o
                                                  build/stm32f1xx_hal_rcc.o
HAL_LIN_Init                                      build/stm32f1xx_hal_uart.o
HAL_LIN_SendBreak                                 build/stm32f1xx_hal_uart.o
HAL_MspDeInit                                     build/stm32f1xx_hal.o
HAL_MspInit                                       build/stm32f1xx_hal.o
HAL_MultiProcessor_EnterMuteMode                  build/stm32f1xx_hal_uart.o
HAL_MultiProcessor_ExitMuteMode                   build/stm32f1xx_hal_uart.o
HAL_MultiProcessor_Init                           build/stm32f1xx_hal_uart.o
HAL_NVIC_ClearPendingIRQ                          build/stm32f1xx_hal_cortex.o
HAL_NVIC_DisableIRQ                               build/stm32f1xx_hal_cortex.o
HAL_NVIC_EnableIRQ                                build/stm32f1xx_hal_cortex.o
                                                  build/setup.o
HAL_NVIC_GetActive                                build/stm32f1xx_hal_cortex.o
HAL_NVIC_GetPendingIRQ                            build/stm32f1xx_hal_cortex.o
HAL_NVIC_GetPriority                              build/stm32f1xx_hal_cortex.o
HAL_NVIC_GetPriorityGrouping                      build/stm32f1xx_hal_cortex.o
HAL_NVIC_SetPendingIRQ                            build/stm32f1xx_hal_cortex.o
HAL_NVIC_SetPriority                              build/stm32f1xx_hal_cortex.o
                                                  build/main.o
                                                  build/setup.o
                                                  build/stm32f1xx_hal.o
HAL_NVIC_SetPriorityGrouping                      build/stm32f1xx_hal_cortex.o
                                                  build/main.o
                                                  build/stm32f1xx_hal.o
HAL_NVIC_SystemReset                              build/stm32f1xx_hal_cortex.o
                                                  build/stm32f1xx_hal_flash.o
HAL_PWR_ConfigPVD                                 build/stm32f1xx_hal_pwr.o
HAL_PWR_DeInit                                    build/stm32f1xx_hal_pwr.o
HAL_PWR_DisableBkUpAccess                         build/stm32f1xx_hal_pwr.o
HAL_PWR_DisablePVD                                build/stm32f1xx_hal_pwr.o
HAL_PWR_DisableSEVOnPend                          build/stm32f1xx_hal_pwr.o
HAL_PWR_DisableSleepOnExit                        build/stm32f1xx_hal_pwr.o
HAL_PWR_DisableWakeUpPin                          build/stm32f1xx_hal_pwr.o
HAL_PWR_EnableBkUpAccess                          build/stm32f1xx_hal_pwr.o
HAL_PWR_EnablePVD                                 build/stm32f1xx_hal_pwr.o
HAL_PWR_EnableSEVOnPend                           build/stm32f1xx_hal_pwr.o
HAL_PWR_EnableSleepOnExit                         build/stm32f1xx_hal_pwr.o
HAL_PWR_EnableWakeUpPin                           build/stm32f1xx_hal_pwr.o
HAL_PWR_EnterSLEEPMode                            build/stm32f1xx_hal_pwr.o
HAL_PWR_EnterSTANDBYMode                          build/stm32f1xx_hal_pwr.o
HAL_PWR_EnterSTOPMode                             build/stm32f1xx_hal_pwr.o
HAL_PWR_PVDCallback                               build/stm32f1xx_hal_pwr.o
HAL_PWR_PVD_IRQHandler                            build/stm32f1xx_hal_pwr.o
HAL_RCCEx_GetPeriphCLKConfig                      build/stm32f1xx_hal_rcc_ex.o
HAL_RCCEx_GetPeriphCLKFreq                        build/stm32f1xx_hal_rcc_ex.o
                                                  build/stm32f1xx_hal_adc.o
                                                  build/stm32f1xx_hal_adc_ex.o
HAL_RCCEx_PeriphCLKConfig                         build/stm32f1xx_hal_rcc_ex.o
                                                  build/main.o
HAL_RCC_CSSCallback                               build/stm32f1xx_hal_rcc.o
HAL_RCC_ClockConfig                               build/stm32f1xx_hal_rcc.o
                                                  build/main.o
HAL_RCC_DeInit                                    build/stm32f1xx_hal_rcc.o
HAL_RCC_DisableCSS                                build/stm32f1xx_hal_rcc.o
HAL_RCC_EnableCSS                                 build/stm32f1xx_hal_rcc.o
HAL_RCC_GetClockConfig                            build/stm32f1xx_hal_rcc.o
HAL_RCC_GetHCLKFreq                               build/stm32f1xx_hal_rcc.o
                                                  build/main.o
HAL_RCC_GetOscConfig                              build/stm32f1xx_hal_rcc.o
HAL_RCC_GetPCLK1Freq                              build/stm32f1xx_hal_rcc.o
                                                  build/stm32f1xx_hal_i2c.o
                                                  build/stm32f1xx_hal_uart.o
HAL_RCC_GetPCLK2Freq                              build/stm32f1xx_hal_rcc.o
                                                  build/stm32f1xx_hal_uart.o
                                                  build/stm32f1xx_hal_rcc_ex.o
HAL_RCC_GetSysClockFreq                           build/stm32f1xx_hal_rcc.o
                                                  build/stm32f1xx_hal_rcc_ex.o
HAL_RCC_MCOConfig                                 build/stm32f1xx_hal_rcc.o
HAL_RCC_NMI_IRQHandler                            build/stm32f1xx_hal_rcc.o
HAL_RCC_OscConfig                                 build/stm32f1xx_hal_rcc.o
                                                  build/main.o
HAL_ResumeTick                                    build/stm32f1xx_hal.o
HAL_SYSTICK_CLKSourceConfig                       build/stm32f1xx_hal_cortex.o
                                                  build/main.o
HAL_SYSTICK_Callback                              build/stm32f1xx_hal_cortex.o
HAL_SYSTICK_Config                                build/stm32f1xx_hal_cortex.o
                                                  build/main.o
                                                  build/stm32f1xx_hal.o
HAL_SYSTICK_IRQHandler                            build/stm32f1xx_hal_cortex.o
                                                  build/stm32f1xx_it.o
HAL_SuspendTick                                   build/stm32f1xx_hal.o
HAL_TIMEx_BreakCallback                           build/stm32f1xx_hal_tim_ex.o
                                                  build/stm32f1xx_hal_tim.o
HAL_TIMEx_CommutationCallback                     build/stm32f1xx_hal_tim_ex.o
                                                  build/stm32f1xx_hal_tim.o
HAL_TIMEx_ConfigBreakDeadTime                     build/stm32f1xx_hal_tim_ex.o
                                                  build/setup.o
HAL_TIMEx_ConfigCommutationEvent                  build/stm32f1xx_hal_tim_ex.o
HAL_TIMEx_ConfigCommutationEvent_DMA              build/stm32f1xx_hal_tim_ex.o
HAL_TIMEx_ConfigCommutationEvent_IT               build/stm32f1xx_hal_tim_ex.o
HAL_TIMEx_HallSensor_DeInit                       build/stm32f1xx_hal_tim_ex.o
HAL_TIMEx_HallSensor_GetState                     build/stm32f1xx_hal_tim_ex.o
HAL_TIMEx_HallSensor_Init                         build/stm32f1xx_hal_tim_ex.o
HAL_TIMEx_HallSensor_MspDeInit                    build/stm32f1xx_hal_tim_ex.o
HAL_TIMEx_HallSensor_MspInit                      build/stm32f1xx_hal_tim_ex.o
HAL_TIMEx_HallSensor_Start                        build/stm32f1xx_hal_tim_ex.o
HAL_TIMEx_HallSensor_Start_DMA                    build/stm32f1xx_hal_tim_ex.o
HAL_TIMEx_HallSensor_Start_IT                     build/stm32f1xx_hal_tim_ex.o
HAL_TIMEx_HallSensor_Stop                         build/stm32f1xx_hal_tim_ex.o
HAL_TIMEx_HallSensor_Stop_DMA                     build/stm32f1xx_hal_tim_ex.o
HAL_TIMEx_HallSensor_Stop_IT                      build/stm32f1xx_hal_tim_ex.o
HAL_TIMEx_MasterConfigSynchronization             build/stm32f1xx_hal_tim_ex.o
                                                  build/setup.o
HAL_TIMEx_OCN_Start                               build/stm32f1xx_hal_tim_ex.o
HAL_TIMEx_OCN_Start_DMA                           build/stm32f1xx_hal_tim_ex.o
HAL_TIMEx_OCN_Start_IT                            build/stm32f1xx_hal_tim_ex.o
HAL_TIMEx_OCN_Stop                                build/stm32f1xx_hal_tim_ex.o
HAL_TIMEx_OCN_Stop_DMA                            build/stm32f1xx_hal_tim_ex.o
HAL_TIMEx_OCN_Stop_IT                             build/stm32f1xx_hal_tim_ex.o
HAL_TIMEx_OnePulseN_Start                         build/stm32f1xx_hal_tim_ex.o
HAL_TIMEx_OnePulseN_Start_IT                      build/stm32f1xx_hal_tim_ex.o
HAL_TIMEx_OnePulseN_Stop                          build/stm32f1xx_hal_tim_ex.o
HAL_TIMEx_OnePulseN_Stop_IT                       build/stm32f1xx_hal_tim_ex.o
HAL_TIMEx_PWMN_Start                              build/stm32f1xx_hal_tim_ex.o
                                                  build/setup.o
HAL_TIMEx_PWMN_Start_DMA                          build/stm32f1xx_hal_tim_ex.o
HAL_TIMEx_PWMN_Start_IT                           build/stm32f1xx_hal_tim_ex.o
HAL_TIMEx_PWMN_Stop                               build/stm32f1xx_hal_tim_ex.o
HAL_TIMEx_PWMN_Stop_DMA                           build/stm32f1xx_hal_tim_ex.o
HAL_TIMEx_PWMN_Stop_IT                            build/stm32f1xx_hal_tim_ex.o
HAL_TIM_Base_DeInit                               build/stm32f1xx_hal_tim.o
HAL_TIM_Base_GetState                             build/stm32f1xx_hal_tim.o
HAL_TIM_Base_Init                                 build/stm32f1xx_hal_tim.o
HAL_TIM_Base_MspDeInit                            build/stm32f1xx_hal_tim.o
HAL_TIM_Base_MspInit                              build/stm32f1xx_hal_tim.o
HAL_TIM_Base_Start                                build/stm32f1xx_hal_tim.o
HAL_TIM_Base_Start_DMA                            build/stm32f1xx_hal_tim.o
HAL_TIM_Base_Start_IT                             build/stm32f1xx_hal_tim.o
HAL_TIM_Base_Stop                                 build/stm32f1xx_hal_tim.o
HAL_TIM_Base_Stop_DMA                             build/stm32f1xx_hal_tim.o
HAL_TIM_Base_Stop_IT                              build/stm32f1xx_hal_tim.o
HAL_TIM_ConfigClockSource                         build/stm32f1xx_hal_tim.o
HAL_TIM_ConfigOCrefClear                          build/stm32f1xx_hal_tim.o
HAL_TIM_ConfigTI1Input                            build/stm32f1xx_hal_tim.o
HAL_TIM_DMABurst_ReadStart                        build/stm32f1xx_hal_tim.o
HAL_TIM_DMABurst_ReadStop                         build/stm32f1xx_hal_tim.o
HAL_TIM_DMABurst_WriteStart                       build/stm32f1xx_hal_tim.o
HAL_TIM_DMABurst_WriteStop                        build/stm32f1xx_hal_tim.o
HAL_TIM_Encoder_DeInit                            build/stm32f1xx_hal_tim.o
HAL_TIM_Encoder_GetState                          build/stm32f1xx_hal_tim.o
HAL_TIM_Encoder_Init                              build/stm32f1xx_hal_tim.o
HAL_TIM_Encoder_MspDeInit                         build/stm32f1xx_hal_tim.o
HAL_TIM_Encoder_MspInit                           build/stm32f1xx_hal_tim.o
HAL_TIM_Encoder_Start                             build/stm32f1xx_hal_tim.o
HAL_TIM_Encoder_Start_DMA                         build/stm32f1xx_hal_tim.o
HAL_TIM_Encoder_Start_IT                          build/stm32f1xx_hal_tim.o
HAL_TIM_Encoder_Stop                              build/stm32f1xx_hal_tim.o
HAL_TIM_Encoder_Stop_DMA                          build/stm32f1xx_hal_tim.o
HAL_TIM_Encoder_Stop_IT                           build/stm32f1xx_hal_tim.o
HAL_TIM_ErrorCallback                             build/stm32f1xx_hal_tim.o
HAL_TIM_GenerateEvent                             build/stm32f1xx_hal_tim.o
HAL_TIM_IC_CaptureCallback                        build/stm32f1xx_hal_tim.o
HAL_TIM_IC_ConfigChannel                          build/stm32f1xx_hal_tim.o
HAL_TIM_IC_DeInit                                 build/stm32f1xx_hal_tim.o
HAL_TIM_IC_GetState                               build/stm32f1xx_hal_tim.o
HAL_TIM_IC_Init                                   build/stm32f1xx_hal_tim.o
HAL_TIM_IC_MspDeInit                              build/stm32f1xx_hal_tim.o
HAL_TIM_IC_MspInit                                build/stm32f1xx_hal_tim.o
HAL_TIM_IC_Start                                  build/stm32f1xx_hal_tim.o
HAL_TIM_IC_Start_DMA                              build/stm32f1xx_hal_tim.o
HAL_TIM_IC_Start_IT                               build/stm32f1xx_hal_tim.o
HAL_TIM_IC_Stop                                   build/stm32f1xx_hal_tim.o
HAL_TIM_IC_Stop_DMA                               build/stm32f1xx_hal_tim.o
HAL_TIM_IC_Stop_IT                                build/stm32f1xx_hal_tim.o
HAL_TIM_IRQHandler                                build/stm32f1xx_hal_tim.o
HAL_TIM_OC_ConfigChannel                          build/stm32f1xx_hal_tim.o
HAL_TIM_OC_DeInit                                 build/stm32f1xx_hal_tim.o
HAL_TIM_OC_DelayElapsedCallback                   build/stm32f1xx_hal_tim.o
HAL_TIM_OC_GetState                               build/stm32f1xx_hal_tim.o
HAL_TIM_OC_Init                                   build/stm32f1xx_hal_tim.o
HAL_TIM_OC_MspDeInit                              build/stm32f1xx_hal_tim.o
HAL_TIM_OC_MspInit                                build/stm32f1xx_hal_tim.o
HAL_TIM_OC_Start                                  build/stm32f1xx_hal_tim.o